<html>
<body>
<pre>
<h1>礦ision Build Log</h1>
<h2>Tool Versions:</h2>
IDE-Version: μVision V5.36.0.0
Copyright (C) 2021 ARM Ltd and ARM Germany GmbH. All rights reserved.
License Information: qq song, HP Inc., LIC=32B1Q-N5T04-120LE-5DWZT-E7BG8-S9RFL
 
Tool Versions:
Toolchain:       MDK-ARM Plus  Version: 5.36.0.0
Toolchain Path:  C:\Keil_v5\ARM\ARMCC\Bin
C Compiler:      Armcc.exe V5.06 update 7 (build 960)
Assembler:       Armasm.exe V5.06 update 7 (build 960)
Linker/Locator:  ArmLink.exe V5.06 update 7 (build 960)
Library Manager: ArmAr.exe V5.06 update 7 (build 960)
Hex Converter:   FromElf.exe V5.06 update 7 (build 960)
CPU DLL:         SARMCM3.DLL V5.36.0.0
Dialog DLL:      DCM.DLL V1.17.3.0
Target DLL:      STLink\ST-LINKIII-KEIL_SWO.dll V3.0.9.0
Dialog DLL:      TCM.DLL V1.53.0.0
 
<h2>Project:</h2>
C:\Users\song\xwechat_files\wxid_ivy6zcoqh5gj22_8079\msg\file\2025-10\2822214263R550_C30D(2.0)_Mini小车加一舵机\R550_C30D(2.0)_Mini小车加一舵机\R550_C30D(2.0)_Mini小车STM32源码_GMR编码器_2024.11.15\USER\WHEELTEC.uvprojx
Project File Date:  04/03/2025

<h2>Output:</h2>
*** Using Compiler 'V5.06 update 7 (build 960)', folder: 'C:\Keil_v5\ARM\ARMCC\Bin'
Rebuild target 'FreeRTOS'
compiling stm32f4xx_it.c...
compiling system_stm32f4xx.c...
compiling main.c...
compiling can.c...
compiling motor.c...
compiling LED.C...
compiling adc.c...
compiling oled.c...
compiling encoder.c...
compiling key.c...
compiling timer.c...
compiling pstwo.c...
compiling usartx.c...
..\HARDWARE\usartx.c(921): warning:  #940-D: missing return statement at end of non-void function "Vz_to_Akm_Angle" 
  }
..\HARDWARE\usartx.c: 1 warning, 0 errors
compiling AutoRecharge.c...
assembling startup_stm32f40_41xxx.s...
compiling ICM20948.c...
compiling sys.c...
compiling usart.c...
compiling delay.c...
compiling misc.c...
compiling stm32f4xx_gpio.c...
compiling MPU6050.c...
compiling stm32f4xx_syscfg.c...
compiling stm32f4xx_rcc.c...
compiling stm32f4xx_usart.c...
compiling I2C.c...
compiling stm32f4xx_adc.c...
compiling stm32f4xx_can.c...
compiling stm32f4xx_tim.c...
compiling stm32f4xx_pwr.c...
compiling croutine.c...
compiling list.c...
compiling event_groups.c...
compiling queue.c...
compiling timers.c...
compiling port.c...
compiling heap_4.c...
compiling tasks.c...
compiling system.c...
compiling robot_select_init.c...
compiling balance.c...
..\BALANCE\balance.c(241): warning:  #550-D: variable "base_pwm"  was set but never used
          int base_pwm = 1600;
..\BALANCE\balance.c(264): warning:  #550-D: variable "base_pwm"  was set but never used
          int base_pwm = 1400;
..\BALANCE\balance.c(199): warning:  #177-D: variable "SERVO_NEUTRAL"  was declared but never referenced
  const int SERVO_NEUTRAL = 1500;
..\BALANCE\balance.c(915): warning:  #177-D: variable "RX"  was declared but never referenced
     	int LX,LY,RY,RX,LX1,LY1,RY1,RX1;
..\BALANCE\balance.c(915): warning:  #177-D: variable "LX1"  was declared but never referenced
     	int LX,LY,RY,RX,LX1,LY1,RY1,RX1;
..\BALANCE\balance.c(915): warning:  #177-D: variable "LY1"  was declared but never referenced
     	int LX,LY,RY,RX,LX1,LY1,RY1,RX1;
..\BALANCE\balance.c(915): warning:  #177-D: variable "RY1"  was declared but never referenced
     	int LX,LY,RY,RX,LX1,LY1,RY1,RX1;
..\BALANCE\balance.c(915): warning:  #177-D: variable "RX1"  was declared but never referenced
     	int LX,LY,RY,RX,LX1,LY1,RY1,RX1;
..\BALANCE\balance.c: 8 warnings, 0 errors
compiling show.c...
compiling imu_task.c...
compiling usb_hcd_int.c...
compiling usb_core.c...
compiling usbh_hcs.c...
compiling usb_hcd.c...
compiling usbh_stdreq.c...
compiling usbh_core.c...
compiling usbh_ioreq.c...
compiling usbh_hid_core.c...
compiling usb_bsp.c...
compiling usbh_hid_joy.c...
compiling usbh_usr.c...
linking...
Program Size: Code=61142 RO-data=7886 RW-data=856 ZI-data=27128  
FromELF: creating hex file...
"..\OBJ\WHEELTEC.axf" - 0 Error(s), 9 Warning(s).

<h2>Software Packages used:</h2>

Package Vendor: Keil
                http://www.keil.com/pack/Keil.STM32F4xx_DFP.1.0.8.pack
                Keil.STM32F4xx_DFP.1.0.8
                STMicroelectronics STM32F4 Series Device Support, Drivers and Examples

<h2>Collection of Component include folders:</h2>
  C:\mdk\Keil\STM32F4xx_DFP\1.0.8\Device\Include

<h2>Collection of Component Files used:</h2>
Build Time Elapsed:  00:00:04
</pre>
</body>
</html>
