Component: ARM Compiler 5.06 update 7 (build 960) Tool: armlink [4d3601]

==============================================================================

Section Cross References

    main.o(i.main) refers to system.o(i.systemInit) for systemInit
    main.o(i.main) refers to tasks.o(i.xTaskCreate) for xTaskCreate
    main.o(i.main) refers to tasks.o(i.vTaskStartScheduler) for vTaskStartScheduler
    main.o(i.main) refers to main.o(.data) for .data
    main.o(i.main) refers to main.o(i.start_task) for start_task
    main.o(i.start_task) refers to port.o(i.vPortEnterCritical) for vPortEnterCritical
    main.o(i.start_task) refers to tasks.o(i.xTaskCreate) for xTaskCreate
    main.o(i.start_task) refers to tasks.o(i.vTaskDelete) for vTaskDelete
    main.o(i.start_task) refers to port.o(i.vPortExitCritical) for vPortExitCritical
    main.o(i.start_task) refers to balance.o(i.Balance_task) for Balance_task
    main.o(i.start_task) refers to system.o(.bss) for SysVal
    main.o(i.start_task) refers to imu_task.o(i.MPU6050_task) for MPU6050_task
    main.o(i.start_task) refers to imu_task.o(i.ICM20948_task) for ICM20948_task
    main.o(i.start_task) refers to show.o(i.show_task) for show_task
    main.o(i.start_task) refers to led.o(i.led_task) for led_task
    main.o(i.start_task) refers to pstwo.o(i.pstwo_task) for pstwo_task
    main.o(i.start_task) refers to usartx.o(i.data_task) for data_task
    main.o(i.start_task) refers to main.o(.data) for .data
    system_stm32f4xx.o(i.SystemCoreClockUpdate) refers to system_stm32f4xx.o(.data) for .data
    system_stm32f4xx.o(i.SystemInit) refers to system_stm32f4xx.o(i.SetSysClock) for SetSysClock
    adc.o(i.Adc_Init) refers to stm32f4xx_rcc.o(i.RCC_AHB1PeriphClockCmd) for RCC_AHB1PeriphClockCmd
    adc.o(i.Adc_Init) refers to stm32f4xx_rcc.o(i.RCC_APB2PeriphClockCmd) for RCC_APB2PeriphClockCmd
    adc.o(i.Adc_Init) refers to stm32f4xx_gpio.o(i.GPIO_Init) for GPIO_Init
    adc.o(i.Adc_Init) refers to stm32f4xx_rcc.o(i.RCC_APB2PeriphResetCmd) for RCC_APB2PeriphResetCmd
    adc.o(i.Adc_Init) refers to stm32f4xx_adc.o(i.ADC_CommonInit) for ADC_CommonInit
    adc.o(i.Adc_Init) refers to stm32f4xx_adc.o(i.ADC_Init) for ADC_Init
    adc.o(i.Adc_Init) refers to stm32f4xx_adc.o(i.ADC_Cmd) for ADC_Cmd
    adc.o(i.Adc_POWER_Init) refers to stm32f4xx_rcc.o(i.RCC_AHB1PeriphClockCmd) for RCC_AHB1PeriphClockCmd
    adc.o(i.Adc_POWER_Init) refers to stm32f4xx_rcc.o(i.RCC_APB2PeriphClockCmd) for RCC_APB2PeriphClockCmd
    adc.o(i.Adc_POWER_Init) refers to stm32f4xx_gpio.o(i.GPIO_Init) for GPIO_Init
    adc.o(i.Adc_POWER_Init) refers to stm32f4xx_rcc.o(i.RCC_APB2PeriphResetCmd) for RCC_APB2PeriphResetCmd
    adc.o(i.Adc_POWER_Init) refers to stm32f4xx_adc.o(i.ADC_CommonInit) for ADC_CommonInit
    adc.o(i.Adc_POWER_Init) refers to stm32f4xx_adc.o(i.ADC_Init) for ADC_Init
    adc.o(i.Adc_POWER_Init) refers to stm32f4xx_adc.o(i.ADC_Cmd) for ADC_Cmd
    adc.o(i.Get_Adc) refers to stm32f4xx_adc.o(i.ADC_RegularChannelConfig) for ADC_RegularChannelConfig
    adc.o(i.Get_Adc) refers to stm32f4xx_adc.o(i.ADC_SoftwareStartConv) for ADC_SoftwareStartConv
    adc.o(i.Get_Adc) refers to stm32f4xx_adc.o(i.ADC_GetFlagStatus) for ADC_GetFlagStatus
    adc.o(i.Get_Adc) refers to stm32f4xx_adc.o(i.ADC_GetConversionValue) for ADC_GetConversionValue
    adc.o(i.Get_Adc2) refers to stm32f4xx_adc.o(i.ADC_RegularChannelConfig) for ADC_RegularChannelConfig
    adc.o(i.Get_Adc2) refers to stm32f4xx_adc.o(i.ADC_SoftwareStartConv) for ADC_SoftwareStartConv
    adc.o(i.Get_Adc2) refers to stm32f4xx_adc.o(i.ADC_GetFlagStatus) for ADC_GetFlagStatus
    adc.o(i.Get_Adc2) refers to stm32f4xx_adc.o(i.ADC_GetConversionValue) for ADC_GetConversionValue
    adc.o(i.Get_adc_Average) refers to adc.o(i.Get_Adc) for Get_Adc
    adc.o(i.Get_adc_Average) refers to delay.o(i.delay_ms) for delay_ms
    adc.o(i.Get_battery_volt) refers to adc.o(i.Get_Adc2) for Get_Adc2
    adc.o(i.Get_battery_volt) refers to dflt_clz.o(x$fpl$dfltu) for __aeabi_ui2d
    adc.o(i.Get_battery_volt) refers to dmul.o(x$fpl$dmul) for __aeabi_dmul
    adc.o(i.Get_battery_volt) refers to d2f.o(x$fpl$d2f) for __aeabi_d2f
    can.o(i.CAN1_Mode_Init) refers to stm32f4xx_rcc.o(i.RCC_AHB1PeriphClockCmd) for RCC_AHB1PeriphClockCmd
    can.o(i.CAN1_Mode_Init) refers to stm32f4xx_rcc.o(i.RCC_APB1PeriphClockCmd) for RCC_APB1PeriphClockCmd
    can.o(i.CAN1_Mode_Init) refers to stm32f4xx_gpio.o(i.GPIO_Init) for GPIO_Init
    can.o(i.CAN1_Mode_Init) refers to stm32f4xx_gpio.o(i.GPIO_PinAFConfig) for GPIO_PinAFConfig
    can.o(i.CAN1_Mode_Init) refers to misc.o(i.NVIC_Init) for NVIC_Init
    can.o(i.CAN1_Mode_Init) refers to stm32f4xx_can.o(i.CAN_ITConfig) for CAN_ITConfig
    can.o(i.CAN1_RX0_IRQHandler) refers to can.o(i.CAN1_Rx_Msg) for CAN1_Rx_Msg
    can.o(i.CAN1_RX0_IRQHandler) refers to usartx.o(i.Vz_to_Akm_Angle) for Vz_to_Akm_Angle
    can.o(i.CAN1_RX0_IRQHandler) refers to system.o(.data) for Get_Charging_HardWare
[...]
    L_Remoter_Ch1                            0x200000a0   Data           4  timer.o(.data)
    L_Remoter_Ch2                            0x200000a4   Data           4  timer.o(.data)
    L_Remoter_Ch3                            0x200000a8   Data           4  timer.o(.data)
    L_Remoter_Ch4                            0x200000ac   Data           4  timer.o(.data)
    TIM8_T1                                  0x200000b0   Data           4  timer.o(.data)
    TIM8_T2                                  0x200000b4   Data           4  timer.o(.data)
    TIM8_T3                                  0x200000b8   Data           4  timer.o(.data)
    TIM8_T4                                  0x200000bc   Data           4  timer.o(.data)
    nav_walk                                 0x200000ec   Data           1  autorecharge.o(.data)
    Allow_Recharge                           0x200000ed   Data           1  autorecharge.o(.data)
    Charging_Current                         0x200000f0   Data           4  autorecharge.o(.data)
    Red_Docker_X                             0x200000f4   Data           4  autorecharge.o(.data)
    Red_Docker_Y                             0x200000f8   Data           4  autorecharge.o(.data)
    Red_Docker_Z                             0x200000fc   Data           4  autorecharge.o(.data)
    Charging                                 0x20000100   Data           1  autorecharge.o(.data)
    RED_STATE                                0x20000101   Data           1  autorecharge.o(.data)
    Recharge_Red_Move_X                      0x20000104   Data           4  autorecharge.o(.data)
    Recharge_Red_Move_Y                      0x20000108   Data           4  autorecharge.o(.data)
    Recharge_Red_Move_Z                      0x2000010c   Data           4  autorecharge.o(.data)
    Recharge_UP_Move_X                       0x20000110   Data           4  autorecharge.o(.data)
    Recharge_UP_Move_Y                       0x20000114   Data           4  autorecharge.o(.data)
    Recharge_UP_Move_Z                       0x20000118   Data           4  autorecharge.o(.data)
    L_A                                      0x2000011c   Data           1  autorecharge.o(.data)
    L_B                                      0x2000011d   Data           1  autorecharge.o(.data)
    R_B                                      0x2000011e   Data           1  autorecharge.o(.data)
    R_A                                      0x2000011f   Data           1  autorecharge.o(.data)
    gstGyroOffset                            0x20000128   Data           6  icm20948.o(.data)
    __stdout                                 0x2000013c   Data           4  usart.o(.data)
    pxCurrentTCB                             0x20000150   Data           4  tasks.o(.data)
    Flag_Stop                                0x200001c4   Data           1  system.o(.data)
    Car_Mode                                 0x200001c5   Data           1  system.o(.data)
    RC_Velocity                              0x200001c8   Data           4  system.o(.data)
    Velocity_KP                              0x200001cc   Data           4  system.o(.data)
    Velocity_KI                              0x200001d0   Data           4  system.o(.data)
    PS2_ON_Flag                              0x200001d4   Data           1  system.o(.data)
    APP_ON_Flag                              0x200001d5   Data           1  system.o(.data)
    Remote_ON_Flag                           0x200001d6   Data           1  system.o(.data)
    CAN_ON_Flag                              0x200001d7   Data           1  system.o(.data)
    Flag_Direction                           0x200001d8   Data           1  system.o(.data)
    Check                                    0x200001dc   Data           4  system.o(.data)
    CheckPhrase1                             0x200001e0   Data           4  system.o(.data)
    CheckPhrase2                             0x200001e4   Data           4  system.o(.data)
    Get_Charging_HardWare                    0x200001e8   Data           1  system.o(.data)
    charger_check                            0x200001e9   Data           1  system.o(.data)
    Proc_Flag                                0x200001ea   Data           1  system.o(.data)
    check_time_count_motor_forward           0x200001ec   Data           4  system.o(.data)
    check_time_count_motor_retreat           0x200001f0   Data           4  system.o(.data)
    Servo_Count                              0x200001f4   Data          24  system.o(.data)
    message_count                            0x2000020c   Data           1  system.o(.data)
    uart2_send_flag                          0x2000020d   Data           1  system.o(.data)
    Full_rotation                            0x20000210   Data           4  system.o(.data)
    Divisor_Mode                             0x20000214   Data           4  system.o(.data)
    Servo                                    0x20000218   Data           4  system.o(.data)
    Servo1                                   0x2000021c   Data           4  system.o(.data)
    Move_X                                   0x20000220   Data           4  system.o(.data)
    Move_Y                                   0x20000224   Data           4  system.o(.data)
    Move_Z                                   0x20000228   Data           4  system.o(.data)
    Encoder_precision                        0x2000022c   Data           4  system.o(.data)
    Wheel_perimeter                          0x20000230   Data           4  system.o(.data)
    Wheel_spacing                            0x20000234   Data           4  system.o(.data)
    Axle_spacing                             0x20000238   Data           4  system.o(.data)
    Omni_turn_radiaus                        0x2000023c   Data           4  system.o(.data)
    Usart1_ON_Flag                           0x20000240   Data           1  system.o(.data)
    Usart5_ON_Flag                           0x20000241   Data           1  system.o(.data)
    Flag_Left                                0x20000242   Data           1  system.o(.data)
    Flag_Right                               0x20000243   Data           1  system.o(.data)
    Turn_Flag                                0x20000244   Data           1  system.o(.data)
    PID_Send                                 0x20000245   Data           1  system.o(.data)
    PS2_LX                                   0x20000248   Data           4  system.o(.data)
    PS2_LY                                   0x2000024c   Data           4  system.o(.data)
    PS2_RX                                   0x20000250   Data           4  system.o(.data)
    PS2_RY                                   0x20000254   Data           4  system.o(.data)
    PS2_KEY                                  0x20000258   Data           4  system.o(.data)
    POT_val                                  0x2000025c   Data           4  system.o(.data)
    uart3_send_flag                          0x20000260   Data           1  system.o(.data)
    start_check_flag                         0x20000264   Data           1  balance.o(.data)
    wait_clear_times                         0x20000265   Data           1  balance.o(.data)
    start_clear                              0x20000266   Data           1  balance.o(.data)
    clear_done_once                          0x20000267   Data           1  balance.o(.data)
    clear_state                              0x20000268   Data           1  balance.o(.data)
    clear_again_times                        0x2000026c   Data           2  balance.o(.data)
    Buzzer_count1                            0x20000270   Data           4  balance.o(.data)
    robot_mode_check_flag                    0x20000274   Data           4  balance.o(.data)
    command_lost_count                       0x200002a8   Data           1  balance.o(.data)
    oled_page                                0x200002ac   Data           1  show.o(.data)
    oled_refresh_flag                        0x200002b2   Data           1  show.o(.data)
    Buzzer_count                             0x200002b4   Data           4  show.o(.data)
    base_vol                                 0x200002b8   Data           4  show.o(.data)
    Voltage_Show                             0x200002c4   Data           4  show.o(.data)
    USBH_HCD_INT_cb                          0x200002c8   Data          20  usbh_core.o(.data)
    USBH_HCD_INT_fops                        0x200002dc   Data           4  usbh_core.o(.data)
    int_noresponse                           0x200002e2   Data           2  usbh_core.o(.data)
    start_toggle                             0x200002ea   Data           1  usbh_hid_core.o(.data)
    HID_cb                                   0x200002ec   Data          16  usbh_hid_core.o(.data)
    ps2_type                                 0x200002fc   Data           1  usbh_hid_joy.o(.data)
    ps2_data                                 0x200002fe   Data           6  usbh_hid_joy.o(.data)
    HID_JOY_cb                               0x20000304   Data           8  usbh_hid_joy.o(.data)
    usb_wait_EnumReady                       0x2000030c   Data           1  usbh_usr.o(.data)
    enum_error                               0x2000030e   Data           2  usbh_usr.o(.data)
    USR_Callbacks                            0x20000310   Data          72  usbh_usr.o(.data)
    OLED_GRAM                                0x20000364   Data        1024  oled.o(.bss)
    Data                                     0x20000764   Data           9  pstwo.o(.bss)
    Send_Data                                0x200007ae   Data          48  usartx.o(.bss)
    Receive_Data                             0x200007e0   Data          32  usartx.o(.bss)
    Send_AutoCharge_Data                     0x20000800   Data          16  usartx.o(.bss)
    xQueueRegistry                           0x2000087c   Data          64  queue.o(.bss)
    servo_direction                          0x20005bc8   Data          24  system.o(.bss)
    smooth_control                           0x20005be0   Data          12  system.o(.bss)
    MOTOR_A                                  0x20005bec   Data          20  system.o(.bss)
    MOTOR_B                                  0x20005c00   Data          20  system.o(.bss)
    MOTOR_C                                  0x20005c14   Data          20  system.o(.bss)
    MOTOR_D                                  0x20005c28   Data          20  system.o(.bss)
    USB_Host                                 0x20005c3c   Data         132  system.o(.bss)
    USB_OTG_Core_dev                         0x20005cc0   Data        1456  system.o(.bss)
    SysVal                                   0x20006270   Data          12  system.o(.bss)
    uart3_receive_message                    0x2000627c   Data          50  system.o(.bss)
    OriginalEncoder                          0x200062b0   Data          16  balance.o(.bss)
    Robot_Parament                           0x200062c0   Data          24  robot_select_init.o(.bss)
    imu                                      0x20006468   Data          36  imu_task.o(.bss)
    USBH_CfgDesc                             0x2000648c   Data         512  usbh_stdreq.o(.bss)
    HID_Machine                              0x2000668c   Data          84  usbh_hid_core.o(.bss)
    HID_Desc                                 0x200066e0   Data          10  usbh_hid_core.o(.bss)
    __libspace_start                         0x200066ec   Data          96  libspace.o(.bss)
    __temporary_stack_top$libspace           0x2000674c   Data           0  libspace.o(.bss)



==============================================================================

Memory Map of the image

  Image Entry point : 0x08000189

  Load Region LR_IROM1 (Base: 0x08000000, Size: 0x000110fc, Max: 0x00100000, ABSOLUTE, COMPRESSED[0x00010e9c])

    Execution Region ER_IROM1 (Exec base: 0x08000000, Load base: 0x08000000, Size: 0x00010da4, Max: 0x00100000, ABSOLUTE)

    Exec Addr    Load Addr    Size         Type   Attr      Idx    E Section Name        Object

    0x08000000   0x08000000   0x00000188   Data   RO         1832    RESET               startup_stm32f40_41xxx.o
    0x08000188   0x08000188   0x00000008   Code   RO         6123  * !!!main             c_w.l(__main.o)
    0x08000190   0x08000190   0x00000034   Code   RO         6537    !!!scatter          c_w.l(__scatter.o)
    0x080001c4   0x080001c4   0x0000005a   Code   RO         6535    !!dczerorl2         c_w.l(__dczerorl2.o)
    0x0800021e   0x0800021e   0x00000002   PAD
    0x08000220   0x08000220   0x0000001c   Code   RO         6539    !!handler_zi        c_w.l(__scatter_zi.o)
    0x0800023c   0x0800023c   0x00000000   Code   RO         6108    .ARM.Collect$$_printf_percent$$00000000  c_w.l(_printf_percent.o)
    0x0800023c   0x0800023c   0x00000006   Code   RO         6106    .ARM.Collect$$_printf_percent$$00000009  c_w.l(_printf_d.o)
    0x08000242   0x08000242   0x00000006   Code   RO         6105    .ARM.Collect$$_printf_percent$$00000014  c_w.l(_printf_s.o)
    0x08000248   0x08000248   0x00000004   Code   RO         6243    .ARM.Collect$$_printf_percent$$00000017  c_w.l(_printf_percent_end.o)
    0x0800024c   0x0800024c   0x00000002   Code   RO         6399    .ARM.Collect$$libinit$$00000000  c_w.l(libinit.o)
    0x0800024e   0x0800024e   0x00000004   Code   RO         6411    .ARM.Collect$$libinit$$00000001  c_w.l(libinit2.o)
    0x08000252   0x08000252   0x00000000   Code   RO         6414    .ARM.Collect$$libinit$$00000004  c_w.l(libinit2.o)
    0x08000252   0x08000252   0x00000000   Code   RO         6417    .ARM.Collect$$libinit$$0000000A  c_w.l(libinit2.o)
    0x08000252   0x08000252   0x00000000   Code   RO         6419    .ARM.Collect$$libinit$$0000000C  c_w.l(libinit2.o)
    0x08000252   0x08000252   0x00000000   Code   RO         6421    .ARM.Collect$$libinit$$0000000E  c_w.l(libinit2.o)
    0x08000252   0x08000252   0x00000000   Code   RO         6424    .ARM.Collect$$libinit$$00000011  c_w.l(libinit2.o)
    0x08000252   0x08000252   0x00000000   Code   RO         6426    .ARM.Collect$$libinit$$00000013  c_w.l(libinit2.o)
    0x08000252   0x08000252   0x00000000   Code   RO         6428    .ARM.Collect$$libinit$$00000015  c_w.l(libinit2.o)
    0x08000252   0x08000252   0x00000000   Code   RO         6430    .ARM.Collect$$libinit$$00000017  c_w.l(libinit2.o)
    0x08000252   0x08000252   0x00000000   Code   RO         6432    .ARM.Collect$$libinit$$00000019  c_w.l(libinit2.o)
    0x08000252   0x08000252   0x00000000   Code   RO         6434    .ARM.Collect$$libinit$$0000001B  c_w.l(libinit2.o)
    0x08000252   0x08000252   0x00000000   Code   RO         6436    .ARM.Collect$$libinit$$0000001D  c_w.l(libinit2.o)
    0x08000252   0x08000252   0x00000000   Code   RO         6438    .ARM.Collect$$libinit$$0000001F  c_w.l(libinit2.o)
    0x08000252   0x08000252   0x00000000   Code   RO         6440    .ARM.Collect$$libinit$$00000021  c_w.l(libinit2.o)
    0x08000252   0x08000252   0x00000000   Code   RO         6442    .ARM.Collect$$libinit$$00000023  c_w.l(libinit2.o)
    0x08000252   0x08000252   0x00000000   Code   RO         6444    .ARM.Collect$$libinit$$00000025  c_w.l(libinit2.o)
    0x08000252   0x08000252   0x00000000   Code   RO         6448    .ARM.Collect$$libinit$$0000002C  c_w.l(libinit2.o)
    0x08000252   0x08000252   0x00000000   Code   RO         6450    .ARM.Collect$$libinit$$0000002E  c_w.l(libinit2.o)
    0x08000252   0x08000252   0x00000000   Code   RO         6452    .ARM.Collect$$libinit$$00000030  c_w.l(libinit2.o)
    0x08000252   0x08000252   0x00000000   Code   RO         6454    .ARM.Collect$$libinit$$00000032  c_w.l(libinit2.o)
    0x08000252   0x08000252   0x00000002   Code   RO         6455    .ARM.Collect$$libinit$$00000033  c_w.l(libinit2.o)
    0x08000254   0x08000254   0x00000002   Code   RO         6475    .ARM.Collect$$libshutdown$$00000000  c_w.l(libshutdown.o)
    0x08000256   0x08000256   0x00000000   Code   RO         6485    .ARM.Collect$$libshutdown$$00000002  c_w.l(libshutdown2.o)
    0x08000256   0x08000256   0x00000000   Code   RO         6487    .ARM.Collect$$libshutdown$$00000004  c_w.l(libshutdown2.o)
    0x08000256   0x08000256   0x00000000   Code   RO         6489    .ARM.Collect$$libshutdown$$00000006  c_w.l(libshutdown2.o)
    0x08000256   0x08000256   0x00000000   Code   RO         6492    .ARM.Collect$$libshutdown$$00000009  c_w.l(libshutdown2.o)
    0x08000256   0x08000256   0x00000000   Code   RO         6495    .ARM.Collect$$libshutdown$$0000000C  c_w.l(libshutdown2.o)
    0x08000256   0x08000256   0x00000000   Code   RO         6497    .ARM.Collect$$libshutdown$$0000000E  c_w.l(libshutdown2.o)
    0x08000256   0x08000256   0x00000000   Code   RO         6500    .ARM.Collect$$libshutdown$$00000011  c_w.l(libshutdown2.o)
    0x08000256   0x08000256   0x00000002   Code   RO         6501    .ARM.Collect$$libshutdown$$00000012  c_w.l(libshutdown2.o)
    0x08000258   0x08000258   0x00000000   Code   RO         6183    .ARM.Collect$$rtentry$$00000000  c_w.l(__rtentry.o)
    0x08000258   0x08000258   0x00000000   Code   RO         6310    .ARM.Collect$$rtentry$$00000002  c_w.l(__rtentry2.o)
    0x08000258   0x08000258   0x00000006   Code   RO         6322    .ARM.Collect$$rtentry$$00000004  c_w.l(__rtentry4.o)
    0x0800025e   0x0800025e   0x00000000   Code   RO         6312    .ARM.Collect$$rtentry$$00000009  c_w.l(__rtentry2.o)
    0x0800025e   0x0800025e   0x00000004   Code   RO         6313    .ARM.Collect$$rtentry$$0000000A  c_w.l(__rtentry2.o)
    0x08000262   0x08000262   0x00000000   Code   RO         6315    .ARM.Collect$$rtentry$$0000000C  c_w.l(__rtentry2.o)
    0x08000262   0x08000262   0x00000008   Code   RO         6316    .ARM.Collect$$rtentry$$0000000D  c_w.l(__rtentry2.o)
    0x0800026a   0x0800026a   0x00000002   Code   RO         6404    .ARM.Collect$$rtexit$$00000000  c_w.l(rtexit.o)
    0x0800026c   0x0800026c   0x00000000   Code   RO         6459    .ARM.Collect$$rtexit$$00000002  c_w.l(rtexit2.o)
    0x0800026c   0x0800026c   0x00000004   Code   RO         6460    .ARM.Collect$$rtexit$$00000003  c_w.l(rtexit2.o)
    0x08000270   0x08000270   0x00000006   Code   RO         6461    .ARM.Collect$$rtexit$$00000004  c_w.l(rtexit2.o)
    0x08000276   0x08000276   0x00000002   PAD
    0x08000278   0x08000278   0x000000b6   Code   RO         4534    .emb_text           port.o
    0x0800032e   0x0800032e   0x00000002   PAD
    0x08000330   0x08000330   0x00000040   Code   RO         1833    .text               startup_stm32f40_41xxx.o
    0x08000370   0x08000370   0x00000002   Code   RO         6066    .text               c_w.l(use_no_semi_2.o)
    0x08000372   0x08000372   0x00000002   PAD
    0x08000374   0x08000374   0x00000018   Code   RO         6070    .text               c_w.l(__2printf.o)
    0x0800038c   0x0800038c   0x00000052   Code   RO         6080    .text               c_w.l(_printf_str.o)
    0x080003de   0x080003de   0x00000002   PAD
    0x080003e0   0x080003e0   0x00000078   Code   RO         6082    .text               c_w.l(_printf_dec.o)
    0x08000458   0x08000458   0x00000188   Code   RO         6101    .text               c_w.l(__printf_flags_ss_wp.o)
    0x080005e0   0x080005e0   0x0000008a   Code   RO         6113    .text               c_w.l(rt_memcpy_v6.o)
    0x0800066a   0x0800066a   0x00000010   Code   RO         6115    .text               c_w.l(aeabi_memset.o)
    0x0800067a   0x0800067a   0x00000044   Code   RO         6117    .text               c_w.l(rt_memclr.o)
    0x080006be   0x080006be   0x0000004e   Code   RO         6119    .text               c_w.l(rt_memclr_w.o)
    0x0800070c   0x0800070c   0x00000006   Code   RO         6121    .text               c_w.l(heapauxi.o)
    0x08000712   0x08000712   0x00000002   Code   RO         6181    .text               c_w.l(use_no_semi.o)
    0x08000714   0x08000714   0x00000016   Code   RO         6184    .text               c_w.l(_rserrno.o)
    0x0800072a   0x0800072a   0x000000b2   Code   RO         6190    .text               c_w.l(_printf_intcommon.o)
    0x080007dc   0x080007dc   0x00000030   Code   RO         6194    .text               c_w.l(_printf_char_common.o)
    0x0800080c   0x0800080c   0x0000002c   Code   RO         6198    .text               c_w.l(_printf_char.o)
    0x08000838   0x08000838   0x00000024   Code   RO         6200    .text               c_w.l(_printf_char_file.o)
    0x0800085c   0x0800085c   0x00000064   Code   RO         6253    .text               c_w.l(rt_memcpy_w.o)
    0x080008c0   0x080008c0   0x00000008   Code   RO         6327    .text               c_w.l(rt_errno_addr_intlibspace.o)
    0x080008c8   0x080008c8   0x00000008   Code   RO         6340    .text               c_w.l(ferror.o)
    0x080008d0   0x080008d0   0x00000008   Code   RO         6350    .text               c_w.l(libspace.o)
    0x080008d8   0x080008d8   0x0000004a   Code   RO         6353    .text               c_w.l(sys_stackheap_outer.o)
    0x08000922   0x08000922   0x00000012   Code   RO         6392    .text               c_w.l(exit.o)
    0x08000934   0x08000934   0x00000014   Code   RO         2565    i.ADC_Cmd           stm32f4xx_adc.o
    0x08000948   0x08000948   0x0000002c   Code   RO         2566    i.ADC_CommonInit    stm32f4xx_adc.o
    0x08000974   0x08000974   0x00000006   Code   RO         2577    i.ADC_GetConversionValue  stm32f4xx_adc.o
    0x0800097a   0x0800097a   0x0000000e   Code   RO         2578    i.ADC_GetFlagStatus  stm32f4xx_adc.o
    0x08000988   0x08000988   0x0000004c   Code   RO         2585    i.ADC_Init          stm32f4xx_adc.o
    0x080009d4   0x080009d4   0x00000074   Code   RO         2590    i.ADC_RegularChannelConfig  stm32f4xx_adc.o
    0x08000a48   0x08000a48   0x0000000a   Code   RO         2592    i.ADC_SoftwareStartConv  stm32f4xx_adc.o
    0x08000a52   0x08000a52   0x00000002   PAD
    0x08000a54   0x08000a54   0x00000138   Code   RO         4954    i.APP_Show          show.o
    0x08000b8c   0x08000b8c   0x00000098   Code   RO         1161    i.AT_Command_Capture  usartx.o
    0x08000c24   0x08000c24   0x00000080   Code   RO          446    i.Adc_Init          adc.o
    0x08000ca4   0x08000ca4   0x00000080   Code   RO          447    i.Adc_POWER_Init    adc.o
    0x08000d24   0x08000d24   0x0000069c   Code   RO         4772    i.Balance_task      balance.o
    0x080013c0   0x080013c0   0x00000002   Code   RO          330    i.BusFault_Handler  stm32f4xx_it.o
    0x080013c2   0x080013c2   0x00000002   PAD
    0x080013c4   0x080013c4   0x00000034   Code   RO          716    i.Buzzer_Init       led.o
    0x080013f8   0x080013f8   0x00000198   Code   RO          505    i.CAN1_Mode_Init    can.o
    0x08001590   0x08001590   0x00000280   Code   RO          507    i.CAN1_RX0_IRQHandler  can.o
    0x08001810   0x08001810   0x00000094   Code   RO          509    i.CAN1_Rx_Msg       can.o
    0x080018a4   0x080018a4   0x00000036   Code   RO          510    i.CAN1_Send_EXTid_Num  can.o
    0x080018da   0x080018da   0x00000036   Code   RO          513    i.CAN1_Send_Num     can.o
    0x08001910   0x08001910   0x000000c0   Code   RO          514    i.CAN1_Tx_Msg       can.o
    0x080019d0   0x080019d0   0x00000064   Code   RO          515    i.CAN1_Tx_Staus     can.o
    0x08001a34   0x08001a34   0x00000010   Code   RO         2813    i.CAN_ITConfig      stm32f4xx_can.o
    0x08001a44   0x08001a44   0x00000068   Code   RO         1162    i.CAN_SEND          usartx.o
    0x08001aac   0x08001aac   0x0000007c   Code   RO         1352    i.CAN_Send_AutoRecharge  autorecharge.o
    0x08001b28   0x08001b28   0x00000038   Code   RO         1163    i.Check_Sum         usartx.o
    0x08001b60   0x08001b60   0x00000024   Code   RO         1164    i.Check_Sum_AutoCharge  usartx.o
    0x08001b84   0x08001b84   0x00000002   Code   RO          331    i.DebugMon_Handler  stm32f4xx_it.o
    0x08001b86   0x08001b86   0x00000002   PAD
    0x08001b88   0x08001b88   0x00000502   Code   RO         4773    i.Drive_Motor       balance.o
    0x0800208a   0x0800208a   0x00000002   PAD
    0x0800208c   0x0800208c   0x00000030   Code   RO          766    i.Enable_Pin        motor.o
    0x080020bc   0x080020bc   0x000000dc   Code   RO          585    i.Encoder_Init_TIM2  encoder.o
    0x08002198   0x08002198   0x000000bc   Code   RO          586    i.Encoder_Init_TIM3  encoder.o
    0x08002254   0x08002254   0x000000bc   Code   RO          587    i.Encoder_Init_TIM4  encoder.o
    0x08002310   0x08002310   0x000000bc   Code   RO          588    i.Encoder_Init_TIM5  encoder.o
    0x080023cc   0x080023cc   0x00000048   Code   RO          810    i.FenJie_float      oled.o
    0x08002414   0x08002414   0x00000024   Code   RO         4676    i.Find_Charging_HardWare  system.o
    0x08002438   0x08002438   0x00000078   Code   RO         1884    i.GPIO_Init         stm32f4xx_gpio.o
    0x080024b0   0x080024b0   0x00000020   Code   RO         1885    i.GPIO_PinAFConfig  stm32f4xx_gpio.o
    0x080024d0   0x080024d0   0x00000004   Code   RO         1892    i.GPIO_SetBits      stm32f4xx_gpio.o
    0x080024d4   0x080024d4   0x00000030   Code   RO          448    i.Get_Adc           adc.o
    0x08002504   0x08002504   0x00000030   Code   RO          449    i.Get_Adc2          adc.o
    0x08002534   0x08002534   0x00000174   Code   RO         4774    i.Get_RC            balance.o
    0x080026a8   0x080026a8   0x00000118   Code   RO         4775    i.Get_Velocity_Form_Encoder  balance.o
    0x080027c0   0x080027c0   0x0000002e   Code   RO          450    i.Get_adc_Average   adc.o
    0x080027ee   0x080027ee   0x00000002   PAD
    0x080027f0   0x080027f0   0x00000068   Code   RO          451    i.Get_battery_volt  adc.o
    0x08002858   0x08002858   0x00000008   Code   RO         5246    i.HCD_GetCurrentFrame  usb_hcd.o
    0x08002860   0x08002860   0x0000000c   Code   RO         5247    i.HCD_GetCurrentSpeed  usb_hcd.o
    0x0800286c   0x0800286c   0x00000008   Code   RO         5249    i.HCD_GetURB_State  usb_hcd.o
    0x08002874   0x08002874   0x00000056   Code   RO         5252    i.HCD_Init          usb_hcd.o
    0x080028ca   0x080028ca   0x00000006   Code   RO         5253    i.HCD_IsDeviceConnected  usb_hcd.o
    0x080028d0   0x080028d0   0x00000006   Code   RO         5254    i.HCD_IsPortEnabled  usb_hcd.o
    0x080028d6   0x080028d6   0x0000000a   Code   RO         5255    i.HCD_ResetPort     usb_hcd.o
    0x080028e0   0x080028e0   0x00000014   Code   RO         5256    i.HCD_SubmitRequest  usb_hcd.o
    0x080028f4   0x080028f4   0x00000002   Code   RO          332    i.HardFault_Handler  stm32f4xx_it.o
    0x080028f6   0x080028f6   0x00000002   PAD
    0x080028f8   0x080028f8   0x00000040   Code   RO         1578    i.I2C_Ack           i2c.o
    0x08002938   0x08002938   0x00000044   Code   RO         1579    i.I2C_GPIOInit      i2c.o
    0x0800297c   0x0800297c   0x00000040   Code   RO         1580    i.I2C_NAck          i2c.o
    0x080029bc   0x080029bc   0x00000070   Code   RO         1582    i.I2C_ReadByte      i2c.o
    0x08002a2c   0x08002a2c   0x0000003e   Code   RO         1583    i.I2C_ReadOneByte   i2c.o
    0x08002a6a   0x08002a6a   0x00000002   PAD
    0x08002a6c   0x08002a6c   0x00000050   Code   RO         1584    i.I2C_Start         i2c.o
    0x08002abc   0x08002abc   0x00000040   Code   RO         1585    i.I2C_Stop          i2c.o
    0x08002afc   0x08002afc   0x00000054   Code   RO         1586    i.I2C_WaiteForAck   i2c.o
    0x08002b50   0x08002b50   0x0000004a   Code   RO         1587    i.I2C_WriteBits     i2c.o
    0x08002b9a   0x08002b9a   0x00000002   PAD
    0x08002b9c   0x08002b9c   0x00000060   Code   RO         1589    i.I2C_WriteByte     i2c.o
    0x08002bfc   0x08002bfc   0x00000032   Code   RO         1591    i.I2C_WriteOneByte  i2c.o
    0x08002c2e   0x08002c2e   0x00000002   PAD
    0x08002c30   0x08002c30   0x00000048   Code   RO         1393    i.ICM20948_Get_Accel  icm20948.o
    0x08002c78   0x08002c78   0x00000070   Code   RO         1394    i.ICM20948_Get_Gyroscope  icm20948.o
    0x08002ce8   0x08002ce8   0x00000008   Code   RO         1395    i.ICM20948_getDeviceID  icm20948.o
    0x08002cf0   0x08002cf0   0x00000048   Code   RO         5002    i.ICM20948_task     imu_task.o
    0x08002d38   0x08002d38   0x0000000e   Code   RO         5003    i.ImuData_copy      imu_task.o
    0x08002d46   0x08002d46   0x00000002   PAD
    0x08002d48   0x08002d48   0x000000dc   Code   RO         4776    i.Incremental_PI_A  balance.o
    0x08002e24   0x08002e24   0x000000dc   Code   RO         4777    i.Incremental_PI_B  balance.o
    0x08002f00   0x08002f00   0x000000f4   Code   RO         4778    i.Incremental_PI_C  balance.o
    0x08002ff4   0x08002ff4   0x00000108   Code   RO         4779    i.Incremental_PI_D  balance.o
    0x080030fc   0x080030fc   0x000003dc   Code   RO         5811    i.JOY_Decode        usbh_hid_joy.o
    0x080034d8   0x080034d8   0x0000000c   Code   RO         5812    i.JOY_Init          usbh_hid_joy.o
    0x080034e4   0x080034e4   0x0000002c   Code   RO          660    i.KEY_Init          key.o
    0x08003510   0x08003510   0x00000108   Code   RO          661    i.KEY_Scan          key.o
    0x08003618   0x08003618   0x00000128   Code   RO         4780    i.Key               balance.o
    0x08003740   0x08003740   0x00000090   Code   RO         4781    i.Limit_Pwm         balance.o
    0x080037d0   0x080037d0   0x000000ac   Code   RO         1472    i.MPU6050_Get_Accelscope  mpu6050.o
    0x0800387c   0x0800387c   0x00000080   Code   RO         1473    i.MPU6050_Get_Gyroscope  mpu6050.o
    0x080038fc   0x080038fc   0x00000032   Code   RO         1474    i.MPU6050_Set_LPF   mpu6050.o
    0x0800392e   0x0800392e   0x00000030   Code   RO         1475    i.MPU6050_Set_Rate  mpu6050.o
    0x0800395e   0x0800395e   0x00000008   Code   RO         1476    i.MPU6050_getDeviceID  mpu6050.o
    0x08003966   0x08003966   0x00000084   Code   RO         1477    i.MPU6050_initialize  mpu6050.o
    0x080039ea   0x080039ea   0x00000012   Code   RO         1480    i.MPU6050_setFullScaleAccelRange  mpu6050.o
    0x080039fc   0x080039fc   0x00000012   Code   RO         1481    i.MPU6050_setFullScaleGyroRange  mpu6050.o
    0x08003a0e   0x08003a0e   0x00000002   PAD
    0x08003a10   0x08003a10   0x00000048   Code   RO         5004    i.MPU6050_task      imu_task.o
    0x08003a58   0x08003a58   0x00000002   Code   RO          333    i.MemManage_Handler  stm32f4xx_it.o
    0x08003a5a   0x08003a5a   0x00000002   Code   RO          334    i.NMI_Handler       stm32f4xx_it.o
    0x08003a5c   0x08003a5c   0x00000064   Code   RO         1839    i.NVIC_Init         misc.o
    0x08003ac0   0x08003ac0   0x00000014   Code   RO         1840    i.NVIC_PriorityGroupConfig  misc.o
    0x08003ad4   0x08003ad4   0x0000002c   Code   RO          811    i.OLED_Clear        oled.o
    0x08003b00   0x08003b00   0x00000040   Code   RO          814    i.OLED_DrawBMP      oled.o
    0x08003b40   0x08003b40   0x0000003c   Code   RO          815    i.OLED_DrawPoint    oled.o
    0x08003b7c   0x08003b7c   0x0000002e   Code   RO          816    i.OLED_DrawPoint_Shu  oled.o
    0x08003baa   0x08003baa   0x00000002   PAD
    0x08003bac   0x08003bac   0x00000130   Code   RO          817    i.OLED_Init         oled.o
    0x08003cdc   0x08003cdc   0x00000048   Code   RO          818    i.OLED_Refresh_Gram  oled.o
    0x08003d24   0x08003d24   0x00000048   Code   RO          819    i.OLED_Refresh_Line  oled.o
    0x08003d6c   0x08003d6c   0x00000028   Code   RO          820    i.OLED_Set_Pos      oled.o
    0x08003d94   0x08003d94   0x0000002c   Code   RO          821    i.OLED_ShowCHinese  oled.o
    0x08003dc0   0x08003dc0   0x0000002c   Code   RO          822    i.OLED_ShowCHinese12  oled.o
    0x08003dec   0x08003dec   0x00000084   Code   RO          823    i.OLED_ShowChar     oled.o
    0x08003e70   0x08003e70   0x00000088   Code   RO          824    i.OLED_ShowFont12   oled.o
    0x08003ef8   0x08003ef8   0x00000084   Code   RO          825    i.OLED_ShowFont16   oled.o
    0x08003f7c   0x08003f7c   0x00000078   Code   RO          826    i.OLED_ShowNumber   oled.o
    0x08003ff4   0x08003ff4   0x0000003e   Code   RO          827    i.OLED_ShowString   oled.o
    0x08004032   0x08004032   0x0000003e   Code   RO          828    i.OLED_ShowString16  oled.o
    0x08004070   0x08004070   0x00000030   Code   RO          829    i.OLED_Show_POT     oled.o
    0x080040a0   0x080040a0   0x00000044   Code   RO          830    i.OLED_WR_Byte      oled.o
    0x080040e4   0x080040e4   0x0000003c   Code   RO         5917    i.OTG_FS_IRQHandler  usbh_usr.o
    0x08004120   0x08004120   0x00000018   Code   RO          974    i.PS2_ClearData     pstwo.o
    0x08004138   0x08004138   0x00000084   Code   RO          975    i.PS2_Cmd           pstwo.o
    0x080041bc   0x080041bc   0x00000040   Code   RO          976    i.PS2_DataKey       pstwo.o
    0x080041fc   0x080041fc   0x0000005c   Code   RO          977    i.PS2_EnterConfing  pstwo.o
    0x08004258   0x08004258   0x0000005c   Code   RO          978    i.PS2_ExitConfing   pstwo.o
    0x080042b4   0x080042b4   0x00000054   Code   RO          979    i.PS2_Init          pstwo.o
    0x08004308   0x08004308   0x000000e4   Code   RO          980    i.PS2_Read          pstwo.o
    0x080043ec   0x080043ec   0x000000a8   Code   RO          981    i.PS2_ReadData      pstwo.o
    0x08004494   0x08004494   0x0000001e   Code   RO          984    i.PS2_SetInit       pstwo.o
    0x080044b2   0x080044b2   0x00000002   PAD
    0x080044b4   0x080044b4   0x00000044   Code   RO          985    i.PS2_ShortPoll     pstwo.o
    0x080044f8   0x080044f8   0x00000058   Code   RO          986    i.PS2_TurnOnAnalogMode  pstwo.o
    0x08004550   0x08004550   0x00000180   Code   RO         4782    i.PS2_control       balance.o
    0x080046d0   0x080046d0   0x0000000c   Code   RO         3511    i.PWR_BackupAccessCmd  stm32f4xx_pwr.o
    0x080046dc   0x080046dc   0x00000018   Code   RO         1981    i.RCC_AHB1PeriphClockCmd  stm32f4xx_rcc.o
    0x080046f4   0x080046f4   0x00000018   Code   RO         1984    i.RCC_AHB2PeriphClockCmd  stm32f4xx_rcc.o
    0x0800470c   0x0800470c   0x00000018   Code   RO         1990    i.RCC_APB1PeriphClockCmd  stm32f4xx_rcc.o
    0x08004724   0x08004724   0x00000018   Code   RO         1993    i.RCC_APB2PeriphClockCmd  stm32f4xx_rcc.o
    0x0800473c   0x0800473c   0x00000018   Code   RO         1995    i.RCC_APB2PeriphResetCmd  stm32f4xx_rcc.o
    0x08004754   0x08004754   0x00000090   Code   RO         2002    i.RCC_GetClocksFreq  stm32f4xx_rcc.o
    0x080047e4   0x080047e4   0x0000001c   Code   RO         2011    i.RCC_LSEConfig     stm32f4xx_rcc.o
    0x08004800   0x08004800   0x00000040   Code   RO          589    i.Read_Encoder      encoder.o
    0x08004840   0x08004840   0x00000140   Code   RO         4783    i.Remote_Control    balance.o
    0x08004980   0x08004980   0x00000098   Code   RO         4925    i.Robot_Init        robot_select_init.o
    0x08004a18   0x08004a18   0x00000148   Code   RO         4926    i.Robot_Select      robot_select_init.o
    0x08004b60   0x08004b60   0x00000012   Code   RO         1733    i.SYS_VAL_t_Init    sys.o
    0x08004b72   0x08004b72   0x00000002   PAD
    0x08004b74   0x08004b74   0x000000b4   Code   RO          409    i.SetSysClock       system_stm32f4xx.o
    0x08004c28   0x08004c28   0x00000080   Code   RO         4784    i.Set_Pwm           balance.o
    0x08004ca8   0x08004ca8   0x00000154   Code   RO         4785    i.Smooth_control    balance.o
    0x08004dfc   0x08004dfc   0x00000018   Code   RO         1843    i.SysTick_CLKSourceConfig  misc.o
    0x08004e14   0x08004e14   0x00000014   Code   RO         1676    i.SysTick_Handler   delay.o
    0x08004e28   0x08004e28   0x0000005c   Code   RO          411    i.SystemInit        system_stm32f4xx.o
    0x08004e84   0x08004e84   0x0000002e   Code   RO         2964    i.TI1_Config        stm32f4xx_tim.o
    0x08004eb2   0x08004eb2   0x00000036   Code   RO         2965    i.TI2_Config        stm32f4xx_tim.o
    0x08004ee8   0x08004ee8   0x000000a0   Code   RO          767    i.TIM10_PWM_Init    motor.o
    0x08004f88   0x08004f88   0x000000a8   Code   RO          768    i.TIM11_PWM_Init    motor.o
    0x08005030   0x08005030   0x000000d0   Code   RO         1111    i.TIM12_SERVO_Init  timer.o
    0x08005100   0x08005100   0x000000f8   Code   RO          769    i.TIM1_PWM_Init     motor.o
    0x080051f8   0x080051f8   0x00000010   Code   RO          590    i.TIM2_IRQHandler   encoder.o
    0x08005208   0x08005208   0x00000014   Code   RO          591    i.TIM3_IRQHandler   encoder.o
    0x0800521c   0x0800521c   0x00000014   Code   RO          592    i.TIM4_IRQHandler   encoder.o
    0x08005230   0x08005230   0x00000014   Code   RO          593    i.TIM5_IRQHandler   encoder.o
    0x08005244   0x08005244   0x00000014   Code   RO          594    i.TIM8_BRK_TIM12_IRQHandler  encoder.o
    0x08005258   0x08005258   0x000002a8   Code   RO         1112    i.TIM8_CC_IRQHandler  timer.o
    0x08005500   0x08005500   0x0000013c   Code   RO         1113    i.TIM8_Cap_Init     timer.o
    0x0800563c   0x0800563c   0x00000100   Code   RO         1114    i.TIM8_SERVO_Init   timer.o
    0x0800573c   0x0800573c   0x00000010   Code   RO         1115    i.TIM8_UP_TIM13_IRQHandler  timer.o
    0x0800574c   0x0800574c   0x000000b8   Code   RO          770    i.TIM9_PWM_Init     motor.o
    0x08005804   0x08005804   0x00000014   Code   RO         2966    i.TIM_ARRPreloadConfig  stm32f4xx_tim.o
    0x08005818   0x08005818   0x00000006   Code   RO         2972    i.TIM_ClearFlag     stm32f4xx_tim.o
    0x0800581e   0x0800581e   0x00000006   Code   RO         2973    i.TIM_ClearITPendingBit  stm32f4xx_tim.o
    0x08005824   0x08005824   0x00000014   Code   RO         2978    i.TIM_Cmd           stm32f4xx_tim.o
    0x08005838   0x08005838   0x00000016   Code   RO         2980    i.TIM_CtrlPWMOutputs  stm32f4xx_tim.o
    0x0800584e   0x0800584e   0x00000032   Code   RO         2987    i.TIM_EncoderInterfaceConfig  stm32f4xx_tim.o
    0x08005880   0x08005880   0x00000004   Code   RO         2993    i.TIM_GetCapture1   stm32f4xx_tim.o
    0x08005884   0x08005884   0x00000004   Code   RO         2994    i.TIM_GetCapture2   stm32f4xx_tim.o
    0x08005888   0x08005888   0x00000004   Code   RO         2995    i.TIM_GetCapture3   stm32f4xx_tim.o
    0x0800588c   0x0800588c   0x00000004   Code   RO         2996    i.TIM_GetCapture4   stm32f4xx_tim.o
    0x08005890   0x08005890   0x00000018   Code   RO         2999    i.TIM_GetITStatus   stm32f4xx_tim.o
    0x080058a8   0x080058a8   0x000000ac   Code   RO         3001    i.TIM_ICInit        stm32f4xx_tim.o
    0x08005954   0x08005954   0x00000010   Code   RO         3002    i.TIM_ICStructInit  stm32f4xx_tim.o
    0x08005964   0x08005964   0x00000010   Code   RO         3003    i.TIM_ITConfig      stm32f4xx_tim.o
    0x08005974   0x08005974   0x00000060   Code   RO         3007    i.TIM_OC1Init       stm32f4xx_tim.o
    0x080059d4   0x080059d4   0x0000000c   Code   RO         3009    i.TIM_OC1PolarityConfig  stm32f4xx_tim.o
    0x080059e0   0x080059e0   0x0000000c   Code   RO         3010    i.TIM_OC1PreloadConfig  stm32f4xx_tim.o
    0x080059ec   0x080059ec   0x00000080   Code   RO         3012    i.TIM_OC2Init       stm32f4xx_tim.o
    0x08005a6c   0x08005a6c   0x00000014   Code   RO         3014    i.TIM_OC2PolarityConfig  stm32f4xx_tim.o
    0x08005a80   0x08005a80   0x00000014   Code   RO         3015    i.TIM_OC2PreloadConfig  stm32f4xx_tim.o
    0x08005a94   0x08005a94   0x0000007c   Code   RO         3017    i.TIM_OC3Init       stm32f4xx_tim.o
    0x08005b10   0x08005b10   0x00000014   Code   RO         3019    i.TIM_OC3PolarityConfig  stm32f4xx_tim.o
    0x08005b24   0x08005b24   0x0000000c   Code   RO         3020    i.TIM_OC3PreloadConfig  stm32f4xx_tim.o
    0x08005b30   0x08005b30   0x00000060   Code   RO         3022    i.TIM_OC4Init       stm32f4xx_tim.o
    0x08005b90   0x08005b90   0x00000014   Code   RO         3023    i.TIM_OC4PolarityConfig  stm32f4xx_tim.o
    0x08005ba4   0x08005ba4   0x00000014   Code   RO         3024    i.TIM_OC4PreloadConfig  stm32f4xx_tim.o
    0x08005bb8   0x08005bb8   0x00000004   Code   RO         3044    i.TIM_SetCounter    stm32f4xx_tim.o
    0x08005bbc   0x08005bbc   0x00000010   Code   RO         3045    i.TIM_SetIC1Prescaler  stm32f4xx_tim.o
    0x08005bcc   0x08005bcc   0x00000018   Code   RO         3046    i.TIM_SetIC2Prescaler  stm32f4xx_tim.o
    0x08005be4   0x08005be4   0x00000010   Code   RO         3047    i.TIM_SetIC3Prescaler  stm32f4xx_tim.o
    0x08005bf4   0x08005bf4   0x00000018   Code   RO         3048    i.TIM_SetIC4Prescaler  stm32f4xx_tim.o
    0x08005c0c   0x08005c0c   0x0000007c   Code   RO         3050    i.TIM_TimeBaseInit  stm32f4xx_tim.o
    0x08005c88   0x08005c88   0x00000012   Code   RO         3051    i.TIM_TimeBaseStructInit  stm32f4xx_tim.o
    0x08005c9a   0x08005c9a   0x00000002   PAD
    0x08005c9c   0x08005c9c   0x00000050   Code   RO         4786    i.Turn_Off          balance.o
    0x08005cec   0x08005cec   0x000000e8   Code   RO         1165    i.UART5_IRQHandler  usartx.o
    0x08005dd4   0x08005dd4   0x000000f8   Code   RO         1166    i.USART1_IRQHandler  usartx.o
    0x08005ecc   0x08005ecc   0x0000003c   Code   RO         1167    i.USART1_SEND       usartx.o
    0x08005f08   0x08005f08   0x000002a4   Code   RO         1168    i.USART2_IRQHandler  usartx.o
    0x080061ac   0x080061ac   0x000001bc   Code   RO         1170    i.USART3_IRQHandler  usartx.o
    0x08006368   0x08006368   0x00000030   Code   RO         1171    i.USART3_Return     usartx.o
    0x08006398   0x08006398   0x0000003c   Code   RO         1172    i.USART3_SEND       usartx.o
    0x080063d4   0x080063d4   0x0000003c   Code   RO         1173    i.USART5_SEND       usartx.o
    0x08006410   0x08006410   0x00000014   Code   RO         2375    i.USART_Cmd         stm32f4xx_usart.o
    0x08006424   0x08006424   0x0000003e   Code   RO         2379    i.USART_GetITStatus  stm32f4xx_usart.o
    0x08006462   0x08006462   0x00000030   Code   RO         2381    i.USART_ITConfig    stm32f4xx_usart.o
    0x08006492   0x08006492   0x00000002   PAD
    0x08006494   0x08006494   0x000000ac   Code   RO         2382    i.USART_Init        stm32f4xx_usart.o
    0x08006540   0x08006540   0x00000008   Code   RO         2389    i.USART_ReceiveData  stm32f4xx_usart.o
    0x08006548   0x08006548   0x00000034   Code   RO         5531    i.USBH_Alloc_Channel  usbh_hcs.o
    0x0800657c   0x0800657c   0x0000002e   Code   RO         5657    i.USBH_ClrFeature   usbh_stdreq.o
    0x080065aa   0x080065aa   0x0000000a   Code   RO         5400    i.USBH_Connected    usbh_core.o
    0x080065b4   0x080065b4   0x00000022   Code   RO         5577    i.USBH_CtlReceiveData  usbh_ioreq.o
    0x080065d6   0x080065d6   0x00000046   Code   RO         5578    i.USBH_CtlReq       usbh_ioreq.o
    0x0800661c   0x0800661c   0x00000036   Code   RO         5579    i.USBH_CtlSendData  usbh_ioreq.o
    0x08006652   0x08006652   0x00000028   Code   RO         5580    i.USBH_CtlSendSetup  usbh_ioreq.o
    0x0800667a   0x0800667a   0x00000034   Code   RO         5401    i.USBH_DeInit       usbh_core.o
    0x080066ae   0x080066ae   0x00000024   Code   RO         5402    i.USBH_Disconnected  usbh_core.o
    0x080066d2   0x080066d2   0x0000002c   Code   RO         5403    i.USBH_ErrorHandle  usbh_core.o
    0x080066fe   0x080066fe   0x00000018   Code   RO         5533    i.USBH_Free_Channel  usbh_hcs.o
    0x08006716   0x08006716   0x00000030   Code   RO         5658    i.USBH_GetDescriptor  usbh_stdreq.o
    0x08006746   0x08006746   0x0000000e   Code   RO         5659    i.USBH_GetNextDesc  usbh_stdreq.o
    0x08006754   0x08006754   0x0000005c   Code   RO         5660    i.USBH_Get_CfgDesc  usbh_stdreq.o
    0x080067b0   0x080067b0   0x0000009c   Code   RO         5661    i.USBH_Get_DevDesc  usbh_stdreq.o
    0x0800684c   0x0800684c   0x00000048   Code   RO         5662    i.USBH_Get_StringDesc  usbh_stdreq.o
    0x08006894   0x08006894   0x000000f0   Code   RO         5754    i.USBH_HID_ClassRequest  usbh_hid_core.o
    0x08006984   0x08006984   0x000000c8   Code   RO         5755    i.USBH_HID_Handle   usbh_hid_core.o
    0x08006a4c   0x08006a4c   0x00000048   Code   RO         5756    i.USBH_HID_InterfaceDeInit  usbh_hid_core.o
    0x08006a94   0x08006a94   0x000000bc   Code   RO         5757    i.USBH_HID_InterfaceInit  usbh_hid_core.o
    0x08006b50   0x08006b50   0x0000007c   Code   RO         5404    i.USBH_HID_Reconnect  usbh_core.o
    0x08006bcc   0x08006bcc   0x000001d0   Code   RO         5405    i.USBH_HandleControl  usbh_core.o
    0x08006d9c   0x08006d9c   0x0000019c   Code   RO         5406    i.USBH_HandleEnum   usbh_core.o
    0x08006f38   0x08006f38   0x0000003a   Code   RO         5407    i.USBH_Init         usbh_core.o
    0x08006f72   0x08006f72   0x00000002   PAD
    0x08006f74   0x08006f74   0x00000058   Code   RO         5581    i.USBH_InterruptReceiveData  usbh_ioreq.o
    0x08006fcc   0x08006fcc   0x00000032   Code   RO         5534    i.USBH_Modify_Channel  usbh_hcs.o
    0x08006ffe   0x08006ffe   0x000000c8   Code   RO         5326    i.USBH_OTG_ISR_Handler  usb_hcd_int.o
    0x080070c6   0x080070c6   0x00000054   Code   RO         5535    i.USBH_Open_Channel  usbh_hcs.o
    0x0800711a   0x0800711a   0x00000002   PAD
    0x0800711c   0x0800711c   0x00000124   Code   RO         5663    i.USBH_ParseCfgDesc  usbh_stdreq.o
    0x08007240   0x08007240   0x00000026   Code   RO         5664    i.USBH_ParseInterfaceDesc  usbh_stdreq.o
    0x08007266   0x08007266   0x0000000a   Code   RO         5408    i.USBH_PortDisabled  usbh_core.o
    0x08007270   0x08007270   0x0000000a   Code   RO         5409    i.USBH_PortEnabled  usbh_core.o
    0x0800727a   0x0800727a   0x00000002   PAD
    0x0800727c   0x0800727c   0x0000020c   Code   RO         5410    i.USBH_Process      usbh_core.o
    0x08007488   0x08007488   0x00000004   Code   RO         5411    i.USBH_SOF          usbh_core.o
    0x0800748c   0x0800748c   0x00000018   Code   RO         5665    i.USBH_SetAddress   usbh_stdreq.o
    0x080074a4   0x080074a4   0x00000018   Code   RO         5666    i.USBH_SetCfg       usbh_stdreq.o
    0x080074bc   0x080074bc   0x00000002   Code   RO         5919    i.USBH_USR_Configuration_DescAvailable  usbh_usr.o
    0x080074be   0x080074be   0x00000002   Code   RO         5920    i.USBH_USR_DeInit   usbh_usr.o
    0x080074c0   0x080074c0   0x00000002   Code   RO         5921    i.USBH_USR_DeviceAddressAssigned  usbh_usr.o
    0x080074c2   0x080074c2   0x00000002   Code   RO         5922    i.USBH_USR_DeviceAttached  usbh_usr.o
    0x080074c4   0x080074c4   0x00000002   Code   RO         5923    i.USBH_USR_DeviceDisconnected  usbh_usr.o
    0x080074c6   0x080074c6   0x00000002   Code   RO         5924    i.USBH_USR_DeviceNotSupported  usbh_usr.o
    0x080074c8   0x080074c8   0x0000000c   Code   RO         5925    i.USBH_USR_DeviceSpeedDetected  usbh_usr.o
    0x080074d4   0x080074d4   0x00000040   Code   RO         5926    i.USBH_USR_Device_DescAvailable  usbh_usr.o
    0x08007514   0x08007514   0x0000000c   Code   RO         5927    i.USBH_USR_EnumerationDone  usbh_usr.o
    0x08007520   0x08007520   0x00000002   Code   RO         5928    i.USBH_USR_Init     usbh_usr.o
    0x08007522   0x08007522   0x00000002   Code   RO         5929    i.USBH_USR_Manufacturer_String  usbh_usr.o
    0x08007524   0x08007524   0x00000002   Code   RO         5930    i.USBH_USR_OverCurrentDetected  usbh_usr.o
    0x08007526   0x08007526   0x00000002   Code   RO         5931    i.USBH_USR_Product_String  usbh_usr.o
    0x08007528   0x08007528   0x00000002   Code   RO         5932    i.USBH_USR_ResetDevice  usbh_usr.o
    0x0800752a   0x0800752a   0x00000002   Code   RO         5933    i.USBH_USR_SerialNum_String  usbh_usr.o
    0x0800752c   0x0800752c   0x00000002   Code   RO         5934    i.USBH_USR_UnrecoveredError  usbh_usr.o
    0x0800752e   0x0800752e   0x00000004   Code   RO         5935    i.USBH_USR_UserInput  usbh_usr.o
    0x08007532   0x08007532   0x00000002   Code   RO         5855    i.USB_OTG_BSP_ConfigVBUS  usb_bsp.o
    0x08007534   0x08007534   0x00000016   Code   RO         5856    i.USB_OTG_BSP_DisableInterrupt  usb_bsp.o
    0x0800754a   0x0800754a   0x00000002   Code   RO         5857    i.USB_OTG_BSP_DriveVBUS  usb_bsp.o
    0x0800754c   0x0800754c   0x00000020   Code   RO         5858    i.USB_OTG_BSP_EnableInterrupt  usb_bsp.o
    0x0800756c   0x0800756c   0x00000054   Code   RO         5859    i.USB_OTG_BSP_Init  usb_bsp.o
    0x080075c0   0x080075c0   0x00000004   Code   RO         5860    i.USB_OTG_BSP_mDelay  usb_bsp.o
    0x080075c4   0x080075c4   0x00000006   Code   RO         5861    i.USB_OTG_BSP_uDelay  usb_bsp.o
    0x080075ca   0x080075ca   0x00000080   Code   RO         5040    i.USB_OTG_CoreInit  usb_core.o
    0x0800764a   0x0800764a   0x000000a6   Code   RO         5041    i.USB_OTG_CoreInitHost  usb_core.o
    0x080076f0   0x080076f0   0x00000058   Code   RO         5042    i.USB_OTG_CoreReset  usb_core.o
    0x08007748   0x08007748   0x00000010   Code   RO         5043    i.USB_OTG_DisableGlobalInt  usb_core.o
    0x08007758   0x08007758   0x0000003c   Code   RO         5044    i.USB_OTG_DriveVbus  usb_core.o
    0x08007794   0x08007794   0x00000010   Code   RO         5045    i.USB_OTG_EnableGlobalInt  usb_core.o
    0x080077a4   0x080077a4   0x0000004c   Code   RO         5046    i.USB_OTG_EnableHostInt  usb_core.o
    0x080077f0   0x080077f0   0x0000003c   Code   RO         5047    i.USB_OTG_FlushRxFifo  usb_core.o
    0x0800782c   0x0800782c   0x00000044   Code   RO         5048    i.USB_OTG_FlushTxFifo  usb_core.o
    0x08007870   0x08007870   0x0000002a   Code   RO         5050    i.USB_OTG_HC_DoPing  usb_core.o
    0x0800789a   0x0800789a   0x00000046   Code   RO         5051    i.USB_OTG_HC_Halt   usb_core.o
    0x080078e0   0x080078e0   0x000000ec   Code   RO         5052    i.USB_OTG_HC_Init   usb_core.o
    0x080079cc   0x080079cc   0x00000100   Code   RO         5053    i.USB_OTG_HC_StartXfer  usb_core.o
    0x08007acc   0x08007acc   0x0000000c   Code   RO         5054    i.USB_OTG_InitFSLSPClkSel  usb_core.o
    0x08007ad8   0x08007ad8   0x0000000c   Code   RO         5056    i.USB_OTG_IsEvenFrame  usb_core.o
    0x08007ae4   0x08007ae4   0x0000000e   Code   RO         5057    i.USB_OTG_IsHostMode  usb_core.o
    0x08007af2   0x08007af2   0x0000000a   Code   RO         5058    i.USB_OTG_ReadCoreItr  usb_core.o
    0x08007afc   0x08007afc   0x0000000c   Code   RO         5059    i.USB_OTG_ReadHPRT0  usb_core.o
    0x08007b08   0x08007b08   0x00000006   Code   RO         5060    i.USB_OTG_ReadHostAllChannels_intr  usb_core.o
    0x08007b0e   0x08007b0e   0x00000020   Code   RO         5062    i.USB_OTG_ReadPacket  usb_core.o
    0x08007b2e   0x08007b2e   0x0000002a   Code   RO         5063    i.USB_OTG_ResetPort  usb_core.o
    0x08007b58   0x08007b58   0x000000c0   Code   RO         5064    i.USB_OTG_SelectCore  usb_core.o
    0x08007c18   0x08007c18   0x0000002a   Code   RO         5065    i.USB_OTG_SetCurrentMode  usb_core.o
    0x08007c42   0x08007c42   0x00000042   Code   RO         5066    i.USB_OTG_StopHost  usb_core.o
    0x08007c84   0x08007c84   0x0000002c   Code   RO         5327    i.USB_OTG_USBH_handle_Disconnect_ISR  usb_hcd_int.o
    0x08007cb0   0x08007cb0   0x00000046   Code   RO         5328    i.USB_OTG_USBH_handle_IncompletePeriodicXfer_ISR  usb_hcd_int.o
    0x08007cf6   0x08007cf6   0x00000056   Code   RO         5329    i.USB_OTG_USBH_handle_hc_ISR  usb_hcd_int.o
    0x08007d4c   0x08007d4c   0x0000041e   Code   RO         5330    i.USB_OTG_USBH_handle_hc_n_In_ISR  usb_hcd_int.o
    0x0800816a   0x0800816a   0x000003b8   Code   RO         5331    i.USB_OTG_USBH_handle_hc_n_Out_ISR  usb_hcd_int.o
    0x08008522   0x08008522   0x00000136   Code   RO         5332    i.USB_OTG_USBH_handle_nptxfempty_ISR  usb_hcd_int.o
    0x08008658   0x08008658   0x0000013c   Code   RO         5333    i.USB_OTG_USBH_handle_port_ISR  usb_hcd_int.o
    0x08008794   0x08008794   0x00000136   Code   RO         5334    i.USB_OTG_USBH_handle_ptxfempty_ISR  usb_hcd_int.o
    0x080088ca   0x080088ca   0x00000164   Code   RO         5335    i.USB_OTG_USBH_handle_rx_qlvl_ISR  usb_hcd_int.o
    0x08008a2e   0x08008a2e   0x00000002   PAD
    0x08008a30   0x08008a30   0x0000002c   Code   RO         5336    i.USB_OTG_USBH_handle_sof_ISR  usb_hcd_int.o
    0x08008a5c   0x08008a5c   0x0000002a   Code   RO         5067    i.USB_OTG_WritePacket  usb_core.o
    0x08008a86   0x08008a86   0x00000002   PAD
    0x08008a88   0x08008a88   0x0000008c   Code   RO          989    i.USB_PS2_DataKey   pstwo.o
    0x08008b14   0x08008b14   0x0000015c   Code   RO          990    i.USB_PS2_Read      pstwo.o
    0x08008c70   0x08008c70   0x00000002   Code   RO          335    i.UsageFault_Handler  stm32f4xx_it.o
    0x08008c72   0x08008c72   0x00000002   PAD
    0x08008c74   0x08008c74   0x00000040   Code   RO          718    i.V1_0_LED_Init     led.o
    0x08008cb4   0x08008cb4   0x00000040   Code   RO          719    i.V1_1_LED_Init     led.o
    0x08008cf4   0x08008cf4   0x00000098   Code   RO         4955    i.VolMean_Filter    show.o
    0x08008d8c   0x08008d8c   0x00000002   Code   RO         1174    i.Vz_to_Akm_Angle   usartx.o
    0x08008d8e   0x08008d8e   0x00000002   PAD
    0x08008d90   0x08008d90   0x00000054   Code   RO         1175    i.XYZ_Target_Speed_transition  usartx.o
    0x08008de4   0x08008de4   0x00000068   Code   RO         1176    i._System_Reset_    usartx.o
    0x08008e4c   0x08008e4c   0x00000030   Code   RO         6304    i.__ARM_fpclassify  m_wm.l(fpclassify.o)
    0x08008e7c   0x08008e7c   0x00000074   Code   RO         6177    i.__hardfp_fmin     m_wm.l(fmin.o)
    0x08008ef0   0x08008ef0   0x00000c50   Code   RO         6151    i.__hardfp_pow      m_wm.l(pow.o)
    0x08009b40   0x08009b40   0x0000007a   Code   RO         6165    i.__hardfp_sqrt     m_wm.l(sqrt.o)
    0x08009bba   0x08009bba   0x000000f8   Code   RO         6306    i.__kernel_poly     m_wm.l(poly.o)
    0x08009cb2   0x08009cb2   0x00000006   PAD
    0x08009cb8   0x08009cb8   0x00000030   Code   RO         6284    i.__mathlib_dbl_divzero  m_wm.l(dunder.o)
    0x08009ce8   0x08009ce8   0x00000014   Code   RO         6286    i.__mathlib_dbl_infnan2  m_wm.l(dunder.o)
    0x08009cfc   0x08009cfc   0x00000004   PAD
    0x08009d00   0x08009d00   0x00000020   Code   RO         6287    i.__mathlib_dbl_invalid  m_wm.l(dunder.o)
    0x08009d20   0x08009d20   0x00000020   Code   RO         6288    i.__mathlib_dbl_overflow  m_wm.l(dunder.o)
    0x08009d40   0x08009d40   0x00000020   Code   RO         6290    i.__mathlib_dbl_underflow  m_wm.l(dunder.o)
    0x08009d60   0x08009d60   0x0000000e   Code   RO         6094    i._is_digit         c_w.l(__printf_wp.o)
    0x08009d6e   0x08009d6e   0x00000002   Code   RO         1775    i._sys_exit         usart.o
    0x08009d70   0x08009d70   0x00000158   Code   RO         4787    i.auto_pwm_clear    balance.o
    0x08009ec8   0x08009ec8   0x00000034   Code   RO         1177    i.data_task         usartx.o
    0x08009efc   0x08009efc   0x000002f4   Code   RO         1178    i.data_transition   usartx.o
    0x0800a1f0   0x0800a1f0   0x00000038   Code   RO         1677    i.delay_init        delay.o
    0x0800a228   0x0800a228   0x00000038   Code   RO         1678    i.delay_ms          delay.o
    0x0800a260   0x0800a260   0x00000034   Code   RO         1679    i.delay_us          delay.o
    0x0800a294   0x0800a294   0x00000018   Code   RO         6300    i.fabs              m_wm.l(fabs.o)
    0x0800a2ac   0x0800a2ac   0x00000010   Code   RO         4788    i.float_abs         balance.o
    0x0800a2bc   0x0800a2bc   0x00000018   Code   RO         1777    i.fputc             usart.o
    0x0800a2d4   0x0800a2d4   0x0000001c   Code   RO         1681    i.getSysTickCnt     delay.o
    0x0800a2f0   0x0800a2f0   0x00000008   Code   RO         4789    i.int_abs           balance.o
    0x0800a2f8   0x0800a2f8   0x00000018   Code   RO         1396    i.invMSInit         icm20948.o
    0x0800a310   0x0800a310   0x000000b0   Code   RO         1397    i.invmsICM20948AccelRead  icm20948.o
    0x0800a3c0   0x0800a3c0   0x00000030   Code   RO         1398    i.invmsICM20948CalAvgValue  icm20948.o
    0x0800a3f0   0x0800a3f0   0x000000cc   Code   RO         1399    i.invmsICM20948GyroRead  icm20948.o
    0x0800a4bc   0x0800a4bc   0x000000d8   Code   RO         1400    i.invmsICM20948Init  icm20948.o
    0x0800a594   0x0800a594   0x000000ac   Code   RO         1401    i.invmsICM20948ReadSecondary  icm20948.o
    0x0800a640   0x0800a640   0x00000096   Code   RO         1402    i.invmsICM20948WriteSecondary  icm20948.o
    0x0800a6d6   0x0800a6d6   0x00000002   PAD
    0x0800a6d8   0x0800a6d8   0x00000044   Code   RO          720    i.led_task          led.o
    0x0800a71c   0x0800a71c   0x00000038   Code   RO            3    i.main              main.o
    0x0800a754   0x0800a754   0x00000010   Code   RO          831    i.oled_pow          oled.o
    0x0800a764   0x0800a764   0x0000143c   Code   RO         4956    i.oled_show         show.o
    0x0800bba0   0x0800bba0   0x000000e0   Code   RO          832    i.oled_showfloat    oled.o
    0x0800bc80   0x0800bc80   0x00000070   Code   RO         4053    i.prvAddCurrentTaskToDelayedList  tasks.o
    0x0800bcf0   0x0800bcf0   0x000000d0   Code   RO         4054    i.prvAddNewTaskToReadyList  tasks.o
    0x0800bdc0   0x0800bdc0   0x00000050   Code   RO         4406    i.prvCheckForValidListAndQueue  timers.o
    0x0800be10   0x0800be10   0x00000054   Code   RO         4055    i.prvCheckTasksWaitingTermination  tasks.o
    0x0800be64   0x0800be64   0x00000026   Code   RO         3830    i.prvCopyDataFromQueue  queue.o
    0x0800be8a   0x0800be8a   0x0000006c   Code   RO         3831    i.prvCopyDataToQueue  queue.o
    0x0800bef6   0x0800bef6   0x00000014   Code   RO         4056    i.prvDeleteTCB      tasks.o
    0x0800bf0a   0x0800bf0a   0x00000002   PAD
    0x0800bf0c   0x0800bf0c   0x0000004c   Code   RO         4619    i.prvHeapInit       heap_4.o
    0x0800bf58   0x0800bf58   0x00000028   Code   RO         4057    i.prvIdleTask       tasks.o
    0x0800bf80   0x0800bf80   0x000000c0   Code   RO         4058    i.prvInitialiseNewTask  tasks.o
    0x0800c040   0x0800c040   0x0000004c   Code   RO         4620    i.prvInsertBlockIntoFreeList  heap_4.o
    0x0800c08c   0x0800c08c   0x00000038   Code   RO         4407    i.prvInsertTimerInActiveList  timers.o
    0x0800c0c4   0x0800c0c4   0x0000001a   Code   RO         3832    i.prvIsQueueEmpty   queue.o
    0x0800c0de   0x0800c0de   0x00000002   PAD
    0x0800c0e0   0x0800c0e0   0x00000090   Code   RO         3833    i.prvNotifyQueueSetContainer  queue.o
    0x0800c170   0x0800c170   0x00000060   Code   RO         4408    i.prvProcessExpiredTimer  timers.o
    0x0800c1d0   0x0800c1d0   0x000000f0   Code   RO         4409    i.prvProcessReceivedCommands  timers.o
    0x0800c2c0   0x0800c2c0   0x0000006c   Code   RO         4410    i.prvProcessTimerOrBlockTask  timers.o
    0x0800c32c   0x0800c32c   0x00000020   Code   RO         4060    i.prvResetNextTaskUnblockTime  tasks.o
    0x0800c34c   0x0800c34c   0x00000028   Code   RO         4411    i.prvSampleTimeNow  timers.o
    0x0800c374   0x0800c374   0x0000006c   Code   RO         4412    i.prvSwitchTimerLists  timers.o
    0x0800c3e0   0x0800c3e0   0x00000064   Code   RO         4535    i.prvTaskExitError  port.o
    0x0800c444   0x0800c444   0x00000028   Code   RO         4413    i.prvTimerTask      timers.o
    0x0800c46c   0x0800c46c   0x00000078   Code   RO         3834    i.prvUnlockQueue    queue.o
    0x0800c4e4   0x0800c4e4   0x00000014   Code   RO         5813    i.ps2_set_bit       usbh_hid_joy.o
    0x0800c4f8   0x0800c4f8   0x0000002c   Code   RO          991    i.pstwo_task        pstwo.o
    0x0800c524   0x0800c524   0x00000114   Code   RO         4621    i.pvPortMalloc      heap_4.o
    0x0800c638   0x0800c638   0x00000018   Code   RO         4062    i.pvTaskIncrementMutexHeldCount  tasks.o
    0x0800c650   0x0800c650   0x0000002c   Code   RO         4536    i.pxPortInitialiseStack  port.o
    0x0800c67c   0x0800c67c   0x00000164   Code   RO         4957    i.show_task         show.o
    0x0800c7e0   0x0800c7e0   0x0000006e   Code   RO         6167    i.sqrt              m_wm.l(sqrt.o)
    0x0800c84e   0x0800c84e   0x00000002   PAD
    0x0800c850   0x0800c850   0x0000010c   Code   RO            4    i.start_task        main.o
    0x0800c95c   0x0800c95c   0x00000160   Code   RO         4677    i.systemInit        system.o
    0x0800cabc   0x0800cabc   0x00000020   Code   RO         4792    i.target_limit_float  balance.o
    0x0800cadc   0x0800cadc   0x00000010   Code   RO         4793    i.target_limit_int  balance.o
    0x0800caec   0x0800caec   0x000000ac   Code   RO         1179    i.uart1_init        usartx.o
    0x0800cb98   0x0800cb98   0x000000a8   Code   RO         1180    i.uart2_init        usartx.o
    0x0800cc40   0x0800cc40   0x000000b0   Code   RO         1181    i.uart3_init        usartx.o
    0x0800ccf0   0x0800ccf0   0x000000dc   Code   RO         1182    i.uart5_init        usartx.o
    0x0800cdcc   0x0800cdcc   0x00000010   Code   RO         1183    i.usart1_send       usartx.o
    0x0800cddc   0x0800cddc   0x00000014   Code   RO         1185    i.usart3_send       usartx.o
    0x0800cdf0   0x0800cdf0   0x00000010   Code   RO         1186    i.usart5_send       usartx.o
    0x0800ce00   0x0800ce00   0x00000024   Code   RO         3785    i.uxListRemove      list.o
    0x0800ce24   0x0800ce24   0x00000016   Code   RO         3786    i.vListInitialise   list.o
    0x0800ce3a   0x0800ce3a   0x00000006   Code   RO         3787    i.vListInitialiseItem  list.o
    0x0800ce40   0x0800ce40   0x00000030   Code   RO         3788    i.vListInsert       list.o
    0x0800ce70   0x0800ce70   0x00000018   Code   RO         3789    i.vListInsertEnd    list.o
    0x0800ce88   0x0800ce88   0x00000078   Code   RO         4538    i.vPortEnterCritical  port.o
    0x0800cf00   0x0800cf00   0x00000064   Code   RO         4539    i.vPortExitCritical  port.o
    0x0800cf64   0x0800cf64   0x0000009c   Code   RO         4622    i.vPortFree         heap_4.o
    0x0800d000   0x0800d000   0x00000020   Code   RO         4540    i.vPortSetupTimerInterrupt  port.o
    0x0800d020   0x0800d020   0x0000008c   Code   RO         4541    i.vPortValidateInterruptPriority  port.o
    0x0800d0ac   0x0800d0ac   0x00000024   Code   RO         3840    i.vQueueAddToRegistry  queue.o
    0x0800d0d0   0x0800d0d0   0x00000044   Code   RO         3844    i.vQueueWaitForMessageRestricted  queue.o
    0x0800d114   0x0800d114   0x0000006c   Code   RO         4070    i.vTaskDelay        tasks.o
    0x0800d180   0x0800d180   0x000000ac   Code   RO         4071    i.vTaskDelayUntil   tasks.o
    0x0800d22c   0x0800d22c   0x000000cc   Code   RO         4072    i.vTaskDelete       tasks.o
    0x0800d2f8   0x0800d2f8   0x0000000c   Code   RO         4076    i.vTaskMissedYield  tasks.o
    0x0800d304   0x0800d304   0x00000054   Code   RO         4078    i.vTaskPlaceOnEventList  tasks.o
    0x0800d358   0x0800d358   0x0000005c   Code   RO         4079    i.vTaskPlaceOnEventListRestricted  tasks.o
    0x0800d3b4   0x0800d3b4   0x00000084   Code   RO         4081    i.vTaskPriorityInherit  tasks.o
    0x0800d438   0x0800d438   0x00000048   Code   RO         4085    i.vTaskSetTimeOutState  tasks.o
    0x0800d480   0x0800d480   0x00000094   Code   RO         4086    i.vTaskStartScheduler  tasks.o
    0x0800d514   0x0800d514   0x00000010   Code   RO         4088    i.vTaskSuspendAll   tasks.o
    0x0800d524   0x0800d524   0x0000007c   Code   RO         4089    i.vTaskSwitchContext  tasks.o
    0x0800d5a0   0x0800d5a0   0x00000114   Code   RO         4542    i.xPortStartScheduler  port.o
    0x0800d6b4   0x0800d6b4   0x0000002c   Code   RO         4543    i.xPortSysTickHandler  port.o
    0x0800d6e0   0x0800d6e0   0x00000078   Code   RO         3849    i.xQueueGenericCreate  queue.o
    0x0800d758   0x0800d758   0x00000184   Code   RO         3850    i.xQueueGenericReceive  queue.o
    0x0800d8dc   0x0800d8dc   0x000000a8   Code   RO         3851    i.xQueueGenericReset  queue.o
    0x0800d984   0x0800d984   0x00000188   Code   RO         3852    i.xQueueGenericSend  queue.o
    0x0800db0c   0x0800db0c   0x000000e0   Code   RO         3853    i.xQueueGenericSendFromISR  queue.o
    0x0800dbec   0x0800dbec   0x00000088   Code   RO         4090    i.xTaskCheckForTimeOut  tasks.o
    0x0800dc74   0x0800dc74   0x00000056   Code   RO         4091    i.xTaskCreate       tasks.o
    0x0800dcca   0x0800dcca   0x00000002   PAD
    0x0800dccc   0x0800dccc   0x0000001c   Code   RO         4095    i.xTaskGetSchedulerState  tasks.o
    0x0800dce8   0x0800dce8   0x0000000c   Code   RO         4096    i.xTaskGetTickCount  tasks.o
    0x0800dcf4   0x0800dcf4   0x000000e8   Code   RO         4098    i.xTaskIncrementTick  tasks.o
    0x0800dddc   0x0800dddc   0x000000b4   Code   RO         4101    i.xTaskPriorityDisinherit  tasks.o
    0x0800de90   0x0800de90   0x00000098   Code   RO         4102    i.xTaskRemoveFromEventList  tasks.o
    0x0800df28   0x0800df28   0x000000e4   Code   RO         4104    i.xTaskResumeAll    tasks.o
    0x0800e00c   0x0800e00c   0x00000074   Code   RO         4416    i.xTimerCreate      timers.o
    0x0800e080   0x0800e080   0x00000074   Code   RO         4417    i.xTimerCreateTimerTask  timers.o
    0x0800e0f4   0x0800e0f4   0x00000090   Code   RO         4418    i.xTimerGenericCommand  timers.o
    0x0800e184   0x0800e184   0x00000018   Code   RO         6255    x$fpl$basic         fz_wm.l(basic.o)
    0x0800e19c   0x0800e19c   0x00000062   Code   RO         6125    x$fpl$d2f           fz_wm.l(d2f.o)
    0x0800e1fe   0x0800e1fe   0x00000002   PAD
    0x0800e200   0x0800e200   0x00000150   Code   RO         6127    x$fpl$dadd          fz_wm.l(daddsub_clz.o)
    0x0800e350   0x0800e350   0x00000010   Code   RO         6346    x$fpl$dcheck1       fz_wm.l(dcheck1.o)
    0x0800e360   0x0800e360   0x00000136   Code   RO         6257    x$fpl$dcmp4         fz_wm.l(dcmp4.o)
    0x0800e496   0x0800e496   0x00000018   Code   RO         6348    x$fpl$dcmpinf       fz_wm.l(dcmpi.o)
    0x0800e4ae   0x0800e4ae   0x00000002   PAD
    0x0800e4b0   0x0800e4b0   0x000002b0   Code   RO         6134    x$fpl$ddiv          fz_wm.l(ddiv.o)
    0x0800e760   0x0800e760   0x0000005e   Code   RO         6137    x$fpl$dfix          fz_wm.l(dfix.o)
    0x0800e7be   0x0800e7be   0x0000002e   Code   RO         6142    x$fpl$dflt          fz_wm.l(dflt_clz.o)
    0x0800e7ec   0x0800e7ec   0x00000026   Code   RO         6141    x$fpl$dfltu         fz_wm.l(dflt_clz.o)
    0x0800e812   0x0800e812   0x00000002   PAD
    0x0800e814   0x0800e814   0x00000078   Code   RO         6259    x$fpl$dleqf         fz_wm.l(dleqf.o)
    0x0800e88c   0x0800e88c   0x00000154   Code   RO         6147    x$fpl$dmul          fz_wm.l(dmul.o)
    0x0800e9e0   0x0800e9e0   0x0000009c   Code   RO         6261    x$fpl$dnaninf       fz_wm.l(dnaninf.o)
    0x0800ea7c   0x0800ea7c   0x0000000c   Code   RO         6263    x$fpl$dretinf       fz_wm.l(dretinf.o)
    0x0800ea88   0x0800ea88   0x0000006c   Code   RO         6265    x$fpl$drleqf        fz_wm.l(drleqf.o)
    0x0800eaf4   0x0800eaf4   0x00000016   Code   RO         6128    x$fpl$drsb          fz_wm.l(daddsub_clz.o)
    0x0800eb0a   0x0800eb0a   0x00000002   PAD
    0x0800eb0c   0x0800eb0c   0x00000198   Code   RO         6267    x$fpl$dsqrt         fz_wm.l(dsqrt_umaal.o)
    0x0800eca4   0x0800eca4   0x000001d4   Code   RO         6129    x$fpl$dsub          fz_wm.l(daddsub_clz.o)
    0x0800ee78   0x0800ee78   0x00000056   Code   RO         6149    x$fpl$f2d           fz_wm.l(f2d.o)
    0x0800eece   0x0800eece   0x0000008c   Code   RO         6269    x$fpl$fnaninf       fz_wm.l(fnaninf.o)
    0x0800ef5a   0x0800ef5a   0x0000000a   Code   RO         6467    x$fpl$fpinit        fz_wm.l(fpinit.o)
    0x0800ef64   0x0800ef64   0x0000000a   Code   RO         6271    x$fpl$fretinf       fz_wm.l(fretinf.o)
    0x0800ef6e   0x0800ef6e   0x00000064   Code   RO         6402    x$fpl$retnan        fz_wm.l(retnan.o)
    0x0800efd2   0x0800efd2   0x0000005c   Code   RO         6281    x$fpl$scalbn        fz_wm.l(scalbn.o)
    0x0800f02e   0x0800f02e   0x00000030   Code   RO         6456    x$fpl$trapveneer    fz_wm.l(trapv.o)
    0x0800f05e   0x0800f05e   0x00000000   Code   RO         6283    x$fpl$usenofp       fz_wm.l(usenofp.o)
    0x0800f05e   0x0800f05e   0x00001a24   Data   RO          834    .constdata          oled.o
    0x08010a82   0x08010a82   0x00000200   Data   RO          836    .constdata          oled.o
    0x08010c82   0x08010c82   0x00000011   Data   RO         6102    .constdata          c_w.l(__printf_flags_ss_wp.o)
    0x08010c93   0x08010c93   0x00000005   PAD
    0x08010c98   0x08010c98   0x00000088   Data   RO         6154    .constdata          m_wm.l(pow.o)
    0x08010d20   0x08010d20   0x00000008   Data   RO         6308    .constdata          m_wm.l(qnan.o)
    0x08010d28   0x08010d28   0x00000059   Data   RO         1188    .conststring        usartx.o
    0x08010d81   0x08010d81   0x00000003   PAD
    0x08010d84   0x08010d84   0x00000020   Data   RO         6533    Region$$Table       anon$$obj.o


    Execution Region RW_IRAM1 (Exec base: 0x20000000, Load base: 0x08010da4, Size: 0x00006d50, Max: 0x00020000, ABSOLUTE, COMPRESSED[0x000000f8])

    Exec Addr    Load Addr    Size         Type   Attr      Idx    E Section Name        Object

    0x20000000   COMPRESSED   0x00000004   Data   RW            5    .data               main.o
    0x20000004   COMPRESSED   0x00000014   Data   RW          412    .data               system_stm32f4xx.o
    0x20000018   COMPRESSED   0x00000004   Data   RW          453    .data               adc.o
    0x2000001c   COMPRESSED   0x00000004   Data   RW          455    .data               adc.o
    0x20000020   COMPRESSED   0x0000001e   Data   RW          666    .data               key.o
    0x2000003e   COMPRESSED   0x00000002   PAD
    0x20000040   COMPRESSED   0x00000008   Data   RW          721    .data               led.o
    0x20000048   COMPRESSED   0x00000030   Data   RW          993    .data               pstwo.o
    0x20000078   COMPRESSED   0x00000048   Data   RW         1116    .data               timer.o
    0x200000c0   COMPRESSED   0x0000002c   Data   RW         1189    .data               usartx.o
    0x200000ec   COMPRESSED   0x00000001   Data   RW         1353    .data               autorecharge.o
    0x200000ed   COMPRESSED   0x00000001   Data   RW         1354    .data               autorecharge.o
    0x200000ee   COMPRESSED   0x00000002   PAD
    0x200000f0   COMPRESSED   0x00000004   Data   RW         1355    .data               autorecharge.o
    0x200000f4   COMPRESSED   0x0000000c   Data   RW         1356    .data               autorecharge.o
    0x20000100   COMPRESSED   0x00000001   Data   RW         1357    .data               autorecharge.o
    0x20000101   COMPRESSED   0x00000001   Data   RW         1358    .data               autorecharge.o
    0x20000102   COMPRESSED   0x00000002   PAD
    0x20000104   COMPRESSED   0x00000004   Data   RW         1359    .data               autorecharge.o
    0x20000108   COMPRESSED   0x00000004   Data   RW         1360    .data               autorecharge.o
    0x2000010c   COMPRESSED   0x00000004   Data   RW         1361    .data               autorecharge.o
    0x20000110   COMPRESSED   0x00000004   Data   RW         1362    .data               autorecharge.o
    0x20000114   COMPRESSED   0x00000004   Data   RW         1363    .data               autorecharge.o
    0x20000118   COMPRESSED   0x00000004   Data   RW         1364    .data               autorecharge.o
    0x2000011c   COMPRESSED   0x00000001   Data   RW         1365    .data               autorecharge.o
    0x2000011d   COMPRESSED   0x00000001   Data   RW         1366    .data               autorecharge.o
    0x2000011e   COMPRESSED   0x00000001   Data   RW         1367    .data               autorecharge.o
    0x2000011f   COMPRESSED   0x00000001   Data   RW         1368    .data               autorecharge.o
    0x20000120   COMPRESSED   0x0000000e   Data   RW         1404    .data               icm20948.o
    0x2000012e   COMPRESSED   0x00000002   PAD
    0x20000130   COMPRESSED   0x00000004   Data   RW         1488    .data               mpu6050.o
    0x20000134   COMPRESSED   0x00000008   Data   RW         1682    .data               delay.o
    0x2000013c   COMPRESSED   0x00000004   Data   RW         1782    .data               usart.o
    0x20000140   COMPRESSED   0x00000010   Data   RW         2034    .data               stm32f4xx_rcc.o
    0x20000150   COMPRESSED   0x0000003c   Data   RW         4107    .data               tasks.o
    0x2000018c   COMPRESSED   0x00000014   Data   RW         4426    .data               timers.o
    0x200001a0   COMPRESSED   0x0000000c   Data   RW         4544    .data               port.o
    0x200001ac   COMPRESSED   0x00000018   Data   RW         4627    .data               heap_4.o
    0x200001c4   COMPRESSED   0x00000001   Data   RW         4687    .data               system.o
    0x200001c5   COMPRESSED   0x00000001   Data   RW         4688    .data               system.o
    0x200001c6   COMPRESSED   0x00000002   PAD
    0x200001c8   COMPRESSED   0x00000004   Data   RW         4689    .data               system.o
    0x200001cc   COMPRESSED   0x00000004   Data   RW         4690    .data               system.o
    0x200001d0   COMPRESSED   0x00000004   Data   RW         4691    .data               system.o
    0x200001d4   COMPRESSED   0x00000001   Data   RW         4692    .data               system.o
    0x200001d5   COMPRESSED   0x00000001   Data   RW         4693    .data               system.o
    0x200001d6   COMPRESSED   0x00000001   Data   RW         4694    .data               system.o
    0x200001d7   COMPRESSED   0x00000001   Data   RW         4695    .data               system.o
    0x200001d8   COMPRESSED   0x00000001   Data   RW         4696    .data               system.o
    0x200001d9   COMPRESSED   0x00000003   PAD
    0x200001dc   COMPRESSED   0x00000004   Data   RW         4697    .data               system.o
    0x200001e0   COMPRESSED   0x00000004   Data   RW         4701    .data               system.o
    0x200001e4   COMPRESSED   0x00000004   Data   RW         4702    .data               system.o
    0x200001e8   COMPRESSED   0x00000001   Data   RW         4704    .data               system.o
    0x200001e9   COMPRESSED   0x00000001   Data   RW         4705    .data               system.o
    0x200001ea   COMPRESSED   0x00000001   Data   RW         4706    .data               system.o
    0x200001eb   COMPRESSED   0x00000001   PAD
    0x200001ec   COMPRESSED   0x00000004   Data   RW         4708    .data               system.o
    0x200001f0   COMPRESSED   0x00000004   Data   RW         4709    .data               system.o
    0x200001f4   COMPRESSED   0x00000018   Data   RW         4710    .data               system.o
    0x2000020c   COMPRESSED   0x00000001   Data   RW         4711    .data               system.o
    0x2000020d   COMPRESSED   0x00000001   Data   RW         4712    .data               system.o
    0x2000020e   COMPRESSED   0x00000002   PAD
    0x20000210   COMPRESSED   0x00000004   Data   RW         4714    .data               system.o
    0x20000214   COMPRESSED   0x00000004   Data   RW         4715    .data               system.o
    0x20000218   COMPRESSED   0x00000004   Data   RW         4716    .data               system.o
    0x2000021c   COMPRESSED   0x00000004   Data   RW         4717    .data               system.o
    0x20000220   COMPRESSED   0x00000004   Data   RW         4718    .data               system.o
    0x20000224   COMPRESSED   0x00000004   Data   RW         4719    .data               system.o
    0x20000228   COMPRESSED   0x00000004   Data   RW         4720    .data               system.o
    0x2000022c   COMPRESSED   0x00000004   Data   RW         4721    .data               system.o
    0x20000230   COMPRESSED   0x00000004   Data   RW         4722    .data               system.o
    0x20000234   COMPRESSED   0x00000004   Data   RW         4723    .data               system.o
    0x20000238   COMPRESSED   0x00000004   Data   RW         4724    .data               system.o
    0x2000023c   COMPRESSED   0x00000004   Data   RW         4725    .data               system.o
    0x20000240   COMPRESSED   0x00000001   Data   RW         4726    .data               system.o
    0x20000241   COMPRESSED   0x00000001   Data   RW         4727    .data               system.o
    0x20000242   COMPRESSED   0x00000001   Data   RW         4728    .data               system.o
    0x20000243   COMPRESSED   0x00000001   Data   RW         4729    .data               system.o
    0x20000244   COMPRESSED   0x00000001   Data   RW         4730    .data               system.o
    0x20000245   COMPRESSED   0x00000001   Data   RW         4731    .data               system.o
    0x20000246   COMPRESSED   0x00000002   PAD
    0x20000248   COMPRESSED   0x00000004   Data   RW         4732    .data               system.o
    0x2000024c   COMPRESSED   0x00000004   Data   RW         4733    .data               system.o
    0x20000250   COMPRESSED   0x00000004   Data   RW         4734    .data               system.o
    0x20000254   COMPRESSED   0x00000004   Data   RW         4735    .data               system.o
    0x20000258   COMPRESSED   0x00000004   Data   RW         4736    .data               system.o
    0x2000025c   COMPRESSED   0x00000004   Data   RW         4737    .data               system.o
    0x20000260   COMPRESSED   0x00000001   Data   RW         4738    .data               system.o
    0x20000261   COMPRESSED   0x00000003   PAD
    0x20000264   COMPRESSED   0x00000044   Data   RW         4795    .data               balance.o
    0x200002a8   COMPRESSED   0x00000001   Data   RW         4796    .data               balance.o
    0x200002a9   COMPRESSED   0x00000003   PAD
    0x200002ac   COMPRESSED   0x0000001c   Data   RW         4959    .data               show.o
    0x200002c8   COMPRESSED   0x00000014   Data   RW         5414    .data               usbh_core.o
    0x200002dc   COMPRESSED   0x00000004   Data   RW         5415    .data               usbh_core.o
    0x200002e0   COMPRESSED   0x00000006   Data   RW         5417    .data               usbh_core.o
    0x200002e6   COMPRESSED   0x00000004   Data   RW         5670    .data               usbh_stdreq.o
    0x200002ea   COMPRESSED   0x00000001   Data   RW         5761    .data               usbh_hid_core.o
    0x200002eb   COMPRESSED   0x00000001   PAD
    0x200002ec   COMPRESSED   0x00000010   Data   RW         5762    .data               usbh_hid_core.o
    0x200002fc   COMPRESSED   0x00000008   Data   RW         5814    .data               usbh_hid_joy.o
    0x20000304   COMPRESSED   0x00000008   Data   RW         5815    .data               usbh_hid_joy.o
    0x2000030c   COMPRESSED   0x00000001   Data   RW         5936    .data               usbh_usr.o
    0x2000030d   COMPRESSED   0x00000001   PAD
    0x2000030e   COMPRESSED   0x00000002   Data   RW         5937    .data               usbh_usr.o
    0x20000310   COMPRESSED   0x00000048   Data   RW         5938    .data               usbh_usr.o
    0x20000358        -       0x0000040c   Zero   RW          833    .bss                oled.o
    0x20000764        -       0x00000009   Zero   RW          992    .bss                pstwo.o
    0x2000076d   COMPRESSED   0x00000003   PAD
    0x20000770        -       0x000000a0   Zero   RW         1187    .bss                usartx.o
    0x20000810        -       0x0000006c   Zero   RW         1403    .bss                icm20948.o
    0x2000087c        -       0x00000040   Zero   RW         3864    .bss                queue.o
    0x200008bc        -       0x000002e4   Zero   RW         4106    .bss                tasks.o
    0x20000ba0        -       0x00000028   Zero   RW         4425    .bss                timers.o
    0x20000bc8        -       0x00005000   Zero   RW         4626    .bss                heap_4.o
    0x20005bc8        -       0x00000018   Zero   RW         4678    .bss                system.o
    0x20005be0        -       0x0000000c   Zero   RW         4679    .bss                system.o
    0x20005bec        -       0x00000014   Zero   RW         4680    .bss                system.o
    0x20005c00        -       0x00000014   Zero   RW         4681    .bss                system.o
    0x20005c14        -       0x00000014   Zero   RW         4682    .bss                system.o
    0x20005c28        -       0x00000014   Zero   RW         4683    .bss                system.o
    0x20005c3c        -       0x00000640   Zero   RW         4684    .bss                system.o
    0x2000627c        -       0x00000032   Zero   RW         4685    .bss                system.o
    0x200062ae   COMPRESSED   0x00000002   PAD
    0x200062b0        -       0x00000010   Zero   RW         4794    .bss                balance.o
    0x200062c0        -       0x00000018   Zero   RW         4927    .bss                robot_select_init.o
    0x200062d8        -       0x00000190   Zero   RW         4958    .bss                show.o
    0x20006468        -       0x00000024   Zero   RW         5005    .bss                imu_task.o
    0x2000648c        -       0x00000200   Zero   RW         5669    .bss                usbh_stdreq.o
    0x2000668c        -       0x0000005e   Zero   RW         5759    .bss                usbh_hid_core.o
    0x200066ea   COMPRESSED   0x00000002   PAD
    0x200066ec        -       0x00000060   Zero   RW         6351    .bss                c_w.l(libspace.o)
    0x2000674c   COMPRESSED   0x00000004   PAD
    0x20006750        -       0x00000200   Zero   RW         1831    HEAP                startup_stm32f40_41xxx.o
    0x20006950        -       0x00000400   Zero   RW         1830    STACK               startup_stm32f40_41xxx.o


==============================================================================

Image component sizes


      Code (inc. data)   RO Data    RW Data    ZI Data      Debug   Object Name

       502         60          0          8          0       5165   adc.o
       124          8          0         48          0       1870   autorecharge.o
      6682        838          0         69         16      24143   balance.o
      1596        160          0          0          0       7845   can.o
       212         18          0          8          0       4169   delay.o
       944         70          0          0          0       7671   encoder.o
         0          0          0          0          0       9868   event_groups.o
       584        138          0         24      20480       5123   heap_4.o
       818         74          0          0          0       8641   i2c.o
      1182         52          0         14        108      13920   icm20948.o
       158         16          0          0         36       3836   imu_task.o
       308         28          0         30          0       4989   key.o
       248         34          0          8          0       3829   led.o
       136          0          0          0          0       4194   list.o
       324        134          0          4          0     353229   main.o
       144         14          0          0          0       2777   misc.o
       808         44          0          0          0       4551   motor.o
       574         30          0          4          0       6730   mpu6050.o
      1862         70       7204          0       1036      20426   oled.o
      1038        382          0         12          0      12825   port.o
      1602        214          0         48          9      12307   pstwo.o
      1832        236          0          0         64      15745   queue.o
       480        142          0          0         24       2417   robot_select_init.o
      6000       1320          0         28        400       7350   show.o
        64         26        392          0       1536        992   startup_stm32f40_41xxx.o
       286         20          0          0          0       6954   stm32f4xx_adc.o
        16          0          0          0          0       1903   stm32f4xx_can.o
       156          0          0          0          0       2986   stm32f4xx_gpio.o
        12          0          0          0          0       3705   stm32f4xx_it.o
        12          6          0          0          0        698   stm32f4xx_pwr.o
       292         48          0         16          0       7973   stm32f4xx_rcc.o
      1274         60          0          0          0      30080   stm32f4xx_tim.o
       310          8          0          0          0       5442   stm32f4xx_usart.o
        18          0          0          0          0       3594   sys.o
       388         50          0        147       1766       9517   system.o
       272         36          0         20          0       2433   system_stm32f4xx.o
      2930        714          0         60        740      36073   tasks.o
      1476         70          0         72          0       6683   timer.o
      1144        260          0         20         40      12166   timers.o
        26          6          0          4          0       4246   usart.o
      3962        574         89         44        160      49038   usartx.o
       152          6          0          0          0       5619   usb_bsp.o
      1764         28          0          0          0      44384   usb_core.o
       156          0          0          0          0       6958   usb_hcd.o
      3742         16          0          0          0      13079   usb_hcd_int.o
      1748         88          0         30          0      23825   usbh_core.o
       210          0          0          0          0       4479   usbh_hcs.o
       700         42          0         17         94       8588   usbh_hid_core.o
      1020         14          0         16          0       5581   usbh_hid_joy.o
       286          4          0          0          0       5767   usbh_ioreq.o
       806          8          0          4        512      11745   usbh_stdreq.o
       178         26          0         75          0      16014   usbh_usr.o

    ----------------------------------------------------------------------
     51614       6192       7720        856      27028     874142   Object Totals
         0          0         32          0          0          0   (incl. Generated)
        56          0          3         26          7          0   (incl. Padding)

    ----------------------------------------------------------------------

      Code (inc. data)   RO Data    RW Data    ZI Data      Debug   Library Member Name

        24          4          0          0          0         84   __2printf.o
        90          0          0          0          0          0   __dczerorl2.o
         8          0          0          0          0         68   __main.o
       392          4         17          0          0         92   __printf_flags_ss_wp.o
        14          0          0          0          0         68   __printf_wp.o
         0          0          0          0          0          0   __rtentry.o
        12          0          0          0          0          0   __rtentry2.o
         6          0          0          0          0          0   __rtentry4.o
        52          8          0          0          0          0   __scatter.o
        28          0          0          0          0          0   __scatter_zi.o
        44          0          0          0          0        108   _printf_char.o
        48          6          0          0          0         96   _printf_char_common.o
        36          4          0          0          0         80   _printf_char_file.o
         6          0          0          0          0          0   _printf_d.o
       120         16          0          0          0         92   _printf_dec.o
       178          0          0          0          0         88   _printf_intcommon.o
         0          0          0          0          0          0   _printf_percent.o
         4          0          0          0          0          0   _printf_percent_end.o
         6          0          0          0          0          0   _printf_s.o
        82          0          0          0          0         80   _printf_str.o
        22          0          0          0          0        100   _rserrno.o
        16          0          0          0          0         68   aeabi_memset.o
        18          0          0          0          0         80   exit.o
         8          0          0          0          0         68   ferror.o
         6          0          0          0          0        152   heapauxi.o
         2          0          0          0          0          0   libinit.o
         6          0          0          0          0          0   libinit2.o
         2          0          0          0          0          0   libshutdown.o
         2          0          0          0          0          0   libshutdown2.o
         8          4          0          0         96         68   libspace.o
         8          4          0          0          0         68   rt_errno_addr_intlibspace.o
        68          0          0          0          0         68   rt_memclr.o
        78          0          0          0          0         80   rt_memclr_w.o
       138          0          0          0          0         68   rt_memcpy_v6.o
       100          0          0          0          0         80   rt_memcpy_w.o
         2          0          0          0          0          0   rtexit.o
        10          0          0          0          0          0   rtexit2.o
        74          0          0          0          0         80   sys_stackheap_outer.o
         2          0          0          0          0         68   use_no_semi.o
         2          0          0          0          0         68   use_no_semi_2.o
        24          0          0          0          0        164   basic.o
        98          4          0          0          0        140   d2f.o
       826         16          0          0          0        492   daddsub_clz.o
        16          4          0          0          0        116   dcheck1.o
       310          8          0          0          0        228   dcmp4.o
        24          0          0          0          0        116   dcmpi.o
       688        140          0          0          0        256   ddiv.o
        94          4          0          0          0        140   dfix.o
        84          0          0          0          0        232   dflt_clz.o
       120          4          0          0          0        140   dleqf.o
       340         12          0          0          0        152   dmul.o
       156          4          0          0          0        140   dnaninf.o
        12          0          0          0          0        116   dretinf.o
       108          0          0          0          0        128   drleqf.o
       408         56          0          0          0        168   dsqrt_umaal.o
        86          4          0          0          0        132   f2d.o
       140          4          0          0          0        132   fnaninf.o
        10          0          0          0          0        116   fpinit.o
        10          0          0          0          0        116   fretinf.o
       100          0          0          0          0        116   retnan.o
        92          0          0          0          0        116   scalbn.o
        48          0          0          0          0        116   trapv.o
         0          0          0          0          0          0   usenofp.o
       164         44          0          0          0        620   dunder.o
        24          0          0          0          0        124   fabs.o
       116          0          0          0          0        164   fmin.o
        48          0          0          0          0        124   fpclassify.o
       248          0          0          0          0        152   poly.o
      3152        296        136          0          0        352   pow.o
         0          0          8          0          0          0   qnan.o
       232          0          0          0          0        296   sqrt.o

    ----------------------------------------------------------------------
      9528        650        166          0        100       7376   Library Totals
        28          0          5          0          4          0   (incl. Padding)

    ----------------------------------------------------------------------

      Code (inc. data)   RO Data    RW Data    ZI Data      Debug   Library Name

      1722         50         17          0         96       1972   c_w.l
      3794        260          0          0          0       3572   fz_wm.l
      3984        340        144          0          0       1832   m_wm.l

    ----------------------------------------------------------------------
      9528        650        166          0        100       7376   Library Totals

    ----------------------------------------------------------------------

==============================================================================


      Code (inc. data)   RO Data    RW Data    ZI Data      Debug   

     61142       6842       7886        856      27128     837078   Grand Totals
     61142       6842       7886        248      27128     837078   ELF Image Totals (compressed)
     61142       6842       7886        248          0          0   ROM Totals

==============================================================================

    Total RO  Size (Code + RO Data)                69028 (  67.41kB)
    Total RW  Size (RW Data + ZI Data)             27984 (  27.33kB)
    Total ROM Size (Code + RO Data + RW Data)      69276 (  67.65kB)

==============================================================================

